<html>
<body>
<pre>
<h1>µVision Build Log</h1>
<h2>Tool Versions:</h2>
IDE-Version: µVision V5.17.0.0
Copyright (C) 2015 ARM Ltd and ARM Germany GmbH. All rights reserved.
License Information: khoi nguyen, ss, LIC=KRMW3-AXDMW-DYDV3-ALBZ1-DCAL4-49JSZ
 
Tool Versions:
Toolchain:       MDK-ARM Standard  Version: 5.17
Toolchain Path:  C:\Keil_v5\ARM\ARMCC\Bin
C Compiler:      Armcc.exe V5.06 update 1 (build 61)
Assembler:       Armasm.exe V5.06 update 1 (build 61)
Linker/Locator:  ArmLink.exe V5.06 update 1 (build 61)
Library Manager: ArmAr.exe V5.06 update 1 (build 61)
Hex Converter:   FromElf.exe V5.06 update 1 (build 61)
CPU DLL:         SARMCM3.DLL V5.17
Dialog DLL:      DCM.DLL V1.13.4.0
Target DLL:      STLink\ST-LINKIII-KEIL_SWO.dll V2.0.18.0
Dialog DLL:      TCM.DLL V1.14.6.0
 
<h2>Project:</h2>
D:\c_c++\autoMotive\RFID_KEILC\RFID_KEIL.uvprojx
Project File Date:  01/31/2024

<h2>Output:</h2>
*** Using Compiler 'V5.06 update 1 (build 61)', folder: 'C:\Keil_v5\ARM\ARMCC\Bin'
Rebuild target 'Target 1'
compiling tim.c...
compiling spi.c...
compiling system_stm32f4xx.c...
compiling RFID_rc522.c...
compiling main.c...
compiling usart.c...
compiling stm32f4xx_rcc.c...
compiling stm32f4xx_spi.c...
compiling misc.c...
compiling stm32f4xx_usart.c...
compiling stm32f4xx_sdio.c...
compiling stm32f4xx_gpio.c...
assembling startup_stm32f40xx.s...
compiling stm32f4xx_dma.c...
compiling stm32f4xx_tim.c...
compiling unicode.c...
compiling syscall.c...
compiling ff.c...
compiling tm_stm32f4_gpio.c...
compiling tm_stm32f4_delay.c...
compiling tm_stm32f4_fatfs.c...
compiling diskio.c...
compiling fatfs_sd_sdio.c...
linking...
Program Size: Code=4482 RO-data=466 RW-data=100 ZI-data=2892  
".\Objects\RFID_KEIL.axf" - 0 Error(s), 0 Warning(s).

<h2>Collection of Component include folders:</h2>
  D:\c_c++\autoMotive\RFID_KEILC\RTE
  C:\Users\Khoi\AppData\Local\Arm\Packs\Keil\STM32F4xx_DFP\2.14.0\Drivers\CMSIS\Device\ST\STM32F4xx\Include

<h2>Collection of Component Files used:</h2>
Build Time Elapsed:  00:00:04
</pre>
</body>
</html>
