Component: ARM Compiler 5.06 update 1 (build 61) Tool: armlink [4d35a8]

==============================================================================

Section Cross References

    main.o(i.main) refers to _printf_percent.o(.ARM.Collect$$_printf_percent$$00000000) for _printf_percent
    main.o(i.main) refers to _printf_x.o(.ARM.Collect$$_printf_percent$$0000000C) for _printf_x
    main.o(i.main) refers to _printf_hex_int.o(.text) for _printf_longlong_hex
    main.o(i.main) refers to spi.o(i.SPIRC552_Config) for SPIRC552_Config
    main.o(i.main) refers to tim.o(i.TIMDelay_Config) for TIMDelay_Config
    main.o(i.main) refers to usart.o(i.UART1_Config) for UART1_Config
    main.o(i.main) refers to rfid_rc522.o(i.MFRC522_Init) for MFRC522_Init
    main.o(i.main) refers to noretval__2sprintf.o(.text) for __2sprintf
    main.o(i.main) refers to usart.o(i.USART_SendString) for USART_SendString
    main.o(i.main) refers to rfid_rc522.o(i.MFRC522_Request) for MFRC522_Request
    main.o(i.main) refers to rfid_rc522.o(i.MFRC522_Anticoll) for MFRC522_Anticoll
    main.o(i.main) refers to tim.o(i.Delay_ms) for Delay_ms
    main.o(i.main) refers to main.o(.bss) for myString
    main.o(i.main) refers to main.o(.data) for status
    system_stm32f4xx.o(i.SystemCoreClockUpdate) refers to system_stm32f4xx.o(.data) for SystemCoreClock
    system_stm32f4xx.o(i.SystemInit) refers to system_stm32f4xx.o(i.SetSysClock) for SetSysClock
    rfid_rc522.o(i.AntennaOff) refers to rfid_rc522.o(i.ClearBitMask) for ClearBitMask
    rfid_rc522.o(i.AntennaOn) refers to rfid_rc522.o(i.Read_MFRC522) for Read_MFRC522
    rfid_rc522.o(i.AntennaOn) refers to rfid_rc522.o(i.SetBitMask) for SetBitMask
    rfid_rc522.o(i.CalulateCRC) refers to rfid_rc522.o(i.ClearBitMask) for ClearBitMask
    rfid_rc522.o(i.CalulateCRC) refers to rfid_rc522.o(i.SetBitMask) for SetBitMask
    rfid_rc522.o(i.CalulateCRC) refers to rfid_rc522.o(i.Write_MFRC522) for Write_MFRC522
    rfid_rc522.o(i.CalulateCRC) refers to rfid_rc522.o(i.Read_MFRC522) for Read_MFRC522
    rfid_rc522.o(i.ClearBitMask) refers to rfid_rc522.o(i.Read_MFRC522) for Read_MFRC522
    rfid_rc522.o(i.ClearBitMask) refers to rfid_rc522.o(i.Write_MFRC522) for Write_MFRC522
    rfid_rc522.o(i.MFRC522_Anticoll) refers to rfid_rc522.o(i.Write_MFRC522) for Write_MFRC522
    rfid_rc522.o(i.MFRC522_Anticoll) refers to rfid_rc522.o(i.MFRC522_ToCard) for MFRC522_ToCard
    rfid_rc522.o(i.MFRC522_Auth) refers to rfid_rc522.o(i.MFRC522_ToCard) for MFRC522_ToCard
    rfid_rc522.o(i.MFRC522_Auth) refers to rfid_rc522.o(i.Read_MFRC522) for Read_MFRC522
    rfid_rc522.o(i.MFRC522_Halt) refers to rfid_rc522.o(i.CalulateCRC) for CalulateCRC
    rfid_rc522.o(i.MFRC522_Halt) refers to rfid_rc522.o(i.MFRC522_ToCard) for MFRC522_ToCard
    rfid_rc522.o(i.MFRC522_Init) refers to rfid_rc522.o(i.MFRC522_Reset) for MFRC522_Reset
    rfid_rc522.o(i.MFRC522_Init) refers to rfid_rc522.o(i.Write_MFRC522) for Write_MFRC522
    rfid_rc522.o(i.MFRC522_Init) refers to rfid_rc522.o(i.AntennaOn) for AntennaOn
    rfid_rc522.o(i.MFRC522_Read) refers to rfid_rc522.o(i.CalulateCRC) for CalulateCRC
    rfid_rc522.o(i.MFRC522_Read) refers to rfid_rc522.o(i.MFRC522_ToCard) for MFRC522_ToCard
    rfid_rc522.o(i.MFRC522_Request) refers to rfid_rc522.o(i.Write_MFRC522) for Write_MFRC522
    rfid_rc522.o(i.MFRC522_Request) refers to rfid_rc522.o(i.MFRC522_ToCard) for MFRC522_ToCard
    rfid_rc522.o(i.MFRC522_Reset) refers to rfid_rc522.o(i.Write_MFRC522) for Write_MFRC522
    rfid_rc522.o(i.MFRC522_SelectTag) refers to rfid_rc522.o(i.CalulateCRC) for CalulateCRC
    rfid_rc522.o(i.MFRC522_SelectTag) refers to rfid_rc522.o(i.MFRC522_ToCard) for MFRC522_ToCard
    rfid_rc522.o(i.MFRC522_ToCard) refers to rfid_rc522.o(i.Write_MFRC522) for Write_MFRC522
    rfid_rc522.o(i.MFRC522_ToCard) refers to rfid_rc522.o(i.ClearBitMask) for ClearBitMask
    rfid_rc522.o(i.MFRC522_ToCard) refers to rfid_rc522.o(i.SetBitMask) for SetBitMask
    rfid_rc522.o(i.MFRC522_ToCard) refers to rfid_rc522.o(i.Read_MFRC522) for Read_MFRC522
    rfid_rc522.o(i.MFRC522_Write) refers to rfid_rc522.o(i.CalulateCRC) for CalulateCRC
    rfid_rc522.o(i.MFRC522_Write) refers to rfid_rc522.o(i.MFRC522_ToCard) for MFRC522_ToCard
    rfid_rc522.o(i.RC522_SPI_Transfer) refers to stm32f4xx_spi.o(i.SPI_I2S_GetFlagStatus) for SPI_I2S_GetFlagStatus
    rfid_rc522.o(i.RC522_SPI_Transfer) refers to stm32f4xx_spi.o(i.SPI_I2S_SendData) for SPI_I2S_SendData
    rfid_rc522.o(i.RC522_SPI_Transfer) refers to stm32f4xx_spi.o(i.SPI_I2S_ReceiveData) for SPI_I2S_ReceiveData
    rfid_rc522.o(i.Read_MFRC522) refers to stm32f4xx_gpio.o(i.GPIO_ResetBits) for GPIO_ResetBits
    rfid_rc522.o(i.Read_MFRC522) refers to rfid_rc522.o(i.RC522_SPI_Transfer) for RC522_SPI_Transfer
    rfid_rc522.o(i.Read_MFRC522) refers to stm32f4xx_gpio.o(i.GPIO_SetBits) for GPIO_SetBits
    rfid_rc522.o(i.SetBitMask) refers to rfid_rc522.o(i.Read_MFRC522) for Read_MFRC522
[...]
    Removing stm32f4xx_sdio.o(i.SDIO_ClockCmd), (12 bytes).
    Removing stm32f4xx_sdio.o(i.SDIO_CmdStructInit), (14 bytes).
    Removing stm32f4xx_sdio.o(i.SDIO_CommandCompletionCmd), (12 bytes).
    Removing stm32f4xx_sdio.o(i.SDIO_DMACmd), (12 bytes).
    Removing stm32f4xx_sdio.o(i.SDIO_DataConfig), (52 bytes).
    Removing stm32f4xx_sdio.o(i.SDIO_DataStructInit), (20 bytes).
    Removing stm32f4xx_sdio.o(i.SDIO_DeInit), (22 bytes).
    Removing stm32f4xx_sdio.o(i.SDIO_GetCommandResponse), (12 bytes).
    Removing stm32f4xx_sdio.o(i.SDIO_GetDataCounter), (12 bytes).
    Removing stm32f4xx_sdio.o(i.SDIO_GetFIFOCount), (12 bytes).
    Removing stm32f4xx_sdio.o(i.SDIO_GetFlagStatus), (24 bytes).
    Removing stm32f4xx_sdio.o(i.SDIO_GetPowerState), (16 bytes).
    Removing stm32f4xx_sdio.o(i.SDIO_GetResponse), (24 bytes).
    Removing stm32f4xx_sdio.o(i.SDIO_ITConfig), (32 bytes).
    Removing stm32f4xx_sdio.o(i.SDIO_Init), (48 bytes).
    Removing stm32f4xx_sdio.o(i.SDIO_ReadData), (12 bytes).
    Removing stm32f4xx_sdio.o(i.SDIO_SendCEATACmd), (12 bytes).
    Removing stm32f4xx_sdio.o(i.SDIO_SendCommand), (44 bytes).
    Removing stm32f4xx_sdio.o(i.SDIO_SendSDIOSuspendCmd), (12 bytes).
    Removing stm32f4xx_sdio.o(i.SDIO_SetPowerState), (12 bytes).
    Removing stm32f4xx_sdio.o(i.SDIO_SetSDIOOperation), (12 bytes).
    Removing stm32f4xx_sdio.o(i.SDIO_SetSDIOReadWaitMode), (12 bytes).
    Removing stm32f4xx_sdio.o(i.SDIO_StartSDIOReadWait), (12 bytes).
    Removing stm32f4xx_sdio.o(i.SDIO_StopSDIOReadWait), (12 bytes).
    Removing stm32f4xx_sdio.o(i.SDIO_StructInit), (16 bytes).
    Removing stm32f4xx_sdio.o(i.SDIO_WriteData), (12 bytes).
    Removing stm32f4xx_gpio.o(.rev16_text), (4 bytes).
    Removing stm32f4xx_gpio.o(.revsh_text), (4 bytes).
    Removing stm32f4xx_gpio.o(.rrx_text), (6 bytes).
    Removing stm32f4xx_gpio.o(i.GPIO_DeInit), (312 bytes).
    Removing stm32f4xx_gpio.o(i.GPIO_PinLockConfig), (34 bytes).
    Removing stm32f4xx_gpio.o(i.GPIO_ReadInputData), (8 bytes).
    Removing stm32f4xx_gpio.o(i.GPIO_ReadInputDataBit), (18 bytes).
    Removing stm32f4xx_gpio.o(i.GPIO_ReadOutputData), (8 bytes).
    Removing stm32f4xx_gpio.o(i.GPIO_ReadOutputDataBit), (18 bytes).
    Removing stm32f4xx_gpio.o(i.GPIO_StructInit), (18 bytes).
    Removing stm32f4xx_gpio.o(i.GPIO_ToggleBits), (8 bytes).
    Removing stm32f4xx_gpio.o(i.GPIO_Write), (4 bytes).
    Removing stm32f4xx_gpio.o(i.GPIO_WriteBit), (12 bytes).
    Removing diskio.o(.rev16_text), (4 bytes).
    Removing diskio.o(.revsh_text), (4 bytes).
    Removing diskio.o(.rrx_text), (6 bytes).
    Removing diskio.o(i.TM_FATFS_AddDriver), (80 bytes).
    Removing diskio.o(i.TM_FATFS_SDRAM_disk_initialize), (4 bytes).
    Removing diskio.o(i.TM_FATFS_SDRAM_disk_ioctl), (6 bytes).
    Removing diskio.o(i.TM_FATFS_SDRAM_disk_read), (6 bytes).
    Removing diskio.o(i.TM_FATFS_SDRAM_disk_status), (4 bytes).
    Removing diskio.o(i.TM_FATFS_SDRAM_disk_write), (6 bytes).
    Removing diskio.o(i.TM_FATFS_SD_SDIO_disk_initialize), (4 bytes).
    Removing diskio.o(i.TM_FATFS_SD_SDIO_disk_ioctl), (6 bytes).
    Removing diskio.o(i.TM_FATFS_SD_SDIO_disk_read), (6 bytes).
    Removing diskio.o(i.TM_FATFS_SD_SDIO_disk_status), (4 bytes).
    Removing diskio.o(i.TM_FATFS_SD_SDIO_disk_write), (6 bytes).
    Removing diskio.o(i.TM_FATFS_SD_disk_initialize), (4 bytes).
    Removing diskio.o(i.TM_FATFS_SD_disk_ioctl), (6 bytes).
    Removing diskio.o(i.TM_FATFS_SD_disk_read), (6 bytes).
    Removing diskio.o(i.TM_FATFS_SD_disk_status), (4 bytes).
    Removing diskio.o(i.TM_FATFS_SD_disk_write), (6 bytes).
    Removing diskio.o(i.TM_FATFS_SPI_FLASH_disk_initialize), (4 bytes).
    Removing diskio.o(i.TM_FATFS_SPI_FLASH_disk_ioctl), (6 bytes).
    Removing diskio.o(i.TM_FATFS_SPI_FLASH_disk_read), (6 bytes).
    Removing diskio.o(i.TM_FATFS_SPI_FLASH_disk_status), (4 bytes).
    Removing diskio.o(i.TM_FATFS_SPI_FLASH_disk_write), (6 bytes).
    Removing diskio.o(i.TM_FATFS_USB_disk_initialize), (4 bytes).
    Removing diskio.o(i.TM_FATFS_USB_disk_ioctl), (6 bytes).
    Removing diskio.o(i.TM_FATFS_USB_disk_read), (6 bytes).
    Removing diskio.o(i.TM_FATFS_USB_disk_status), (4 bytes).
    Removing diskio.o(i.TM_FATFS_USB_disk_write), (6 bytes).
    Removing diskio.o(i.disk_initialize), (40 bytes).
    Removing diskio.o(i.disk_ioctl), (48 bytes).
    Removing diskio.o(i.disk_read), (64 bytes).
    Removing diskio.o(i.disk_status), (44 bytes).
    Removing diskio.o(i.disk_write), (64 bytes).
    Removing diskio.o(i.get_fattime), (8 bytes).
    Removing diskio.o(.data), (180 bytes).
    Removing ff.o(i.check_fs), (144 bytes).
    Removing ff.o(i.chk_chr), (20 bytes).
    Removing ff.o(i.chk_lock), (140 bytes).
    Removing ff.o(i.clear_lock), (48 bytes).
    Removing ff.o(i.clust2sect), (26 bytes).
    Removing ff.o(i.cmp_lfn), (160 bytes).
    Removing ff.o(i.create_chain), (214 bytes).
    Removing ff.o(i.create_name), (664 bytes).
    Removing ff.o(i.dec_lock), (76 bytes).
    Removing ff.o(i.dir_alloc), (92 bytes).
    Removing ff.o(i.dir_find), (234 bytes).
    Removing ff.o(i.dir_next), (270 bytes).
    Removing ff.o(i.dir_read), (196 bytes).
    Removing ff.o(i.dir_register), (310 bytes).
    Removing ff.o(i.dir_remove), (106 bytes).
    Removing ff.o(i.dir_sdi), (158 bytes).
    Removing ff.o(i.enq_lock), (40 bytes).
    Removing ff.o(i.f_chdir), (92 bytes).
    Removing ff.o(i.f_chdrive), (32 bytes).
    Removing ff.o(i.f_chmod), (104 bytes).
    Removing ff.o(i.f_close), (42 bytes).
    Removing ff.o(i.f_closedir), (36 bytes).
    Removing ff.o(i.f_findfirst), (42 bytes).
    Removing ff.o(i.f_findnext), (74 bytes).
    Removing ff.o(i.f_getcwd), (320 bytes).
    Removing ff.o(i.f_getfree), (258 bytes).
    Removing ff.o(i.f_getlabel), (190 bytes).
    Removing ff.o(i.f_gets), (86 bytes).
    Removing ff.o(i.f_lseek), (382 bytes).
    Removing ff.o(i.f_mkdir), (372 bytes).
    Removing ff.o(i.f_mkfs), (1608 bytes).
    Removing ff.o(i.f_mount), (96 bytes).
    Removing ff.o(i.f_open), (444 bytes).
    Removing ff.o(i.f_opendir), (148 bytes).
    Removing ff.o(i.f_printf), (628 bytes).
    Removing ff.o(i.f_putc), (64 bytes).
    Removing ff.o(i.f_puts), (74 bytes).
    Removing ff.o(i.f_read), (416 bytes).
    Removing ff.o(i.f_readdir), (96 bytes).
    Removing ff.o(i.f_rename), (292 bytes).
    Removing ff.o(i.f_setlabel), (416 bytes).
    Removing ff.o(i.f_stat), (68 bytes).
    Removing ff.o(i.f_sync), (176 bytes).
    Removing ff.o(i.f_truncate), (184 bytes).
    Removing ff.o(i.f_unlink), (212 bytes).
    Removing ff.o(i.f_utime), (108 bytes).
    Removing ff.o(i.f_write), (472 bytes).
    Removing ff.o(i.find_volume), (928 bytes).
    Removing ff.o(i.fit_lfn), (128 bytes).
    Removing ff.o(i.follow_path), (174 bytes).
    Removing ff.o(i.gen_numname), (180 bytes).
    Removing ff.o(i.get_achar), (44 bytes).
    Removing ff.o(i.get_fat), (242 bytes).
    Removing ff.o(i.get_fileinfo), (258 bytes).
    Removing ff.o(i.get_ldnumber), (192 bytes).
    Removing ff.o(i.inc_lock), (220 bytes).
    Removing ff.o(i.ld_clust), (32 bytes).
    Removing ff.o(i.mem_cmp), (38 bytes).
    Removing ff.o(i.mem_cpy), (26 bytes).
    Removing ff.o(i.mem_set), (20 bytes).
    Removing ff.o(i.move_window), (52 bytes).
    Removing ff.o(i.pattern_matching), (196 bytes).
    Removing ff.o(i.pick_lfn), (128 bytes).
    Removing ff.o(i.put_fat), (322 bytes).
    Removing ff.o(i.putc_bfd), (78 bytes).
    Removing ff.o(i.remove_chain), (108 bytes).
    Removing ff.o(i.st_clust), (16 bytes).
    Removing ff.o(i.sum_sfn), (32 bytes).
    Removing ff.o(i.sync_fs), (200 bytes).
    Removing ff.o(i.sync_window), (82 bytes).
    Removing ff.o(i.validate), (50 bytes).
    Removing ff.o(.bss), (668 bytes).
    Removing ff.o(.constdata), (224 bytes).
    Removing ff.o(.conststring), (70 bytes).
    Removing ff.o(.data), (3 bytes).
    Removing fatfs_sd_sdio.o(.rev16_text), (4 bytes).
    Removing fatfs_sd_sdio.o(.revsh_text), (4 bytes).
    Removing fatfs_sd_sdio.o(.rrx_text), (6 bytes).
    Removing fatfs_sd_sdio.o(i.CmdError), (48 bytes).
    Removing fatfs_sd_sdio.o(i.CmdResp1Error), (312 bytes).
    Removing fatfs_sd_sdio.o(i.CmdResp2Error), (76 bytes).
    Removing fatfs_sd_sdio.o(i.CmdResp3Error), (56 bytes).
    Removing fatfs_sd_sdio.o(i.CmdResp6Error), (164 bytes).
    Removing fatfs_sd_sdio.o(i.CmdResp7Error), (76 bytes).
    Removing fatfs_sd_sdio.o(i.FindSCR), (412 bytes).
    Removing fatfs_sd_sdio.o(i.IsCardProgramming), (420 bytes).
    Removing fatfs_sd_sdio.o(i.SDEnWideBus), (284 bytes).
    Removing fatfs_sd_sdio.o(i.SD_DeInit), (8 bytes).
    Removing fatfs_sd_sdio.o(i.SD_Detect), (22 bytes).
    Removing fatfs_sd_sdio.o(i.SD_EnableWideBusOperation), (148 bytes).
    Removing fatfs_sd_sdio.o(i.SD_Erase), (364 bytes).
    Removing fatfs_sd_sdio.o(i.SD_GetCardInfo), (796 bytes).
    Removing fatfs_sd_sdio.o(i.SD_GetCardStatus), (160 bytes).
    Removing fatfs_sd_sdio.o(i.SD_GetState), (38 bytes).
    Removing fatfs_sd_sdio.o(i.SD_GetStatus), (30 bytes).
    Removing fatfs_sd_sdio.o(i.SD_GetTransferState), (24 bytes).
    Removing fatfs_sd_sdio.o(i.SD_HighSpeed), (452 bytes).
    Removing fatfs_sd_sdio.o(i.SD_Init), (136 bytes).
    Removing fatfs_sd_sdio.o(i.SD_InitializeCards), (312 bytes).
    Removing fatfs_sd_sdio.o(i.SD_LowLevel_DMA_RxConfig), (144 bytes).
    Removing fatfs_sd_sdio.o(i.SD_LowLevel_DMA_TxConfig), (144 bytes).
    Removing fatfs_sd_sdio.o(i.SD_LowLevel_DeInit), (84 bytes).
    Removing fatfs_sd_sdio.o(i.SD_LowLevel_Init), (88 bytes).
    Removing fatfs_sd_sdio.o(i.SD_PowerOFF), (14 bytes).
    Removing fatfs_sd_sdio.o(i.SD_PowerON), (416 bytes).
    Removing fatfs_sd_sdio.o(i.SD_ReadBlock), (248 bytes).
    Removing fatfs_sd_sdio.o(i.SD_ReadMultiBlocks), (256 bytes).
    Removing fatfs_sd_sdio.o(i.SD_ReadMultiBlocksFIXED), (260 bytes).
    Removing fatfs_sd_sdio.o(i.SD_SelectDeselect), (56 bytes).
    Removing fatfs_sd_sdio.o(i.SD_SendSDStatus), (396 bytes).
    Removing fatfs_sd_sdio.o(i.SD_SendStatus), (84 bytes).
    Removing fatfs_sd_sdio.o(i.SD_StopTransfer), (52 bytes).
    Removing fatfs_sd_sdio.o(i.SD_WaitReadOperation), (148 bytes).
    Removing fatfs_sd_sdio.o(i.SD_WaitWriteOperation), (132 bytes).
    Removing fatfs_sd_sdio.o(i.SD_WriteBlock), (244 bytes).
    Removing fatfs_sd_sdio.o(i.SD_WriteMultiBlocks), (352 bytes).
    Removing fatfs_sd_sdio.o(i.SD_WriteMultiBlocksFIXED), (356 bytes).
    Removing fatfs_sd_sdio.o(i.TM_FATFS_SDIO_WriteEnabled), (4 bytes).
    Removing fatfs_sd_sdio.o(i.TM_FATFS_SD_SDIO_disk_initialize), (140 bytes).
    Removing fatfs_sd_sdio.o(i.TM_FATFS_SD_SDIO_disk_ioctl), (42 bytes).
    Removing fatfs_sd_sdio.o(i.TM_FATFS_SD_SDIO_disk_read), (168 bytes).
    Removing fatfs_sd_sdio.o(i.TM_FATFS_SD_SDIO_disk_status), (56 bytes).
    Removing fatfs_sd_sdio.o(i.TM_FATFS_SD_SDIO_disk_write), (172 bytes).
    Removing fatfs_sd_sdio.o(i.convert_from_bytes_to_power_of_two), (18 bytes).
    Removing fatfs_sd_sdio.o(.bss), (204 bytes).
    Removing unicode.o(i.ff_convert), (76 bytes).
    Removing unicode.o(i.ff_wtoupper), (56 bytes).
    Removing unicode.o(.constdata), (1216 bytes).
    Removing tm_stm32f4_fatfs.o(.rev16_text), (4 bytes).
    Removing tm_stm32f4_fatfs.o(.revsh_text), (4 bytes).
    Removing tm_stm32f4_fatfs.o(.rrx_text), (6 bytes).
    Removing tm_stm32f4_fatfs.o(i.TM_FATFS_CheckCardDetectPin), (4 bytes).
    Removing tm_stm32f4_fatfs.o(i.TM_FATFS_DriveSize), (60 bytes).
    Removing tm_stm32f4_fatfs.o(i.TM_FATFS_GetDriveSize), (132 bytes).
    Removing tm_stm32f4_fatfs.o(i.TM_FATFS_Search), (94 bytes).
    Removing tm_stm32f4_fatfs.o(i.TM_FATFS_SearchCallback), (6 bytes).
    Removing tm_stm32f4_fatfs.o(i.TM_FATFS_TruncateBeginning), (210 bytes).
    Removing tm_stm32f4_fatfs.o(i.TM_FATFS_USBDriveSize), (60 bytes).
    Removing tm_stm32f4_fatfs.o(i.scan_files), (228 bytes).
    Removing tm_stm32f4_fatfs.o(.bss), (256 bytes).
    Removing tm_stm32f4_gpio.o(.rev16_text), (4 bytes).
    Removing tm_stm32f4_gpio.o(.revsh_text), (4 bytes).
    Removing tm_stm32f4_gpio.o(.rrx_text), (6 bytes).
    Removing tm_stm32f4_gpio.o(i.TM_GPIO_DeInit), (72 bytes).
    Removing tm_stm32f4_gpio.o(i.TM_GPIO_GetFreePins), (28 bytes).
    Removing tm_stm32f4_gpio.o(i.TM_GPIO_GetPinSource), (18 bytes).
    Removing tm_stm32f4_gpio.o(i.TM_GPIO_GetPortSource), (14 bytes).
    Removing tm_stm32f4_gpio.o(i.TM_GPIO_GetUsedPins), (24 bytes).
    Removing tm_stm32f4_gpio.o(i.TM_GPIO_INT_DisableClock), (32 bytes).
    Removing tm_stm32f4_gpio.o(i.TM_GPIO_INT_EnableClock), (32 bytes).
    Removing tm_stm32f4_gpio.o(i.TM_GPIO_INT_Init), (176 bytes).
    Removing tm_stm32f4_gpio.o(i.TM_GPIO_Init), (48 bytes).
    Removing tm_stm32f4_gpio.o(i.TM_GPIO_InitAlternate), (110 bytes).
    Removing tm_stm32f4_gpio.o(i.TM_GPIO_Lock), (16 bytes).
    Removing tm_stm32f4_gpio.o(i.TM_GPIO_SetPinAsAlternate), (50 bytes).
    Removing tm_stm32f4_gpio.o(i.TM_GPIO_SetPinAsAnalog), (38 bytes).
    Removing tm_stm32f4_gpio.o(i.TM_GPIO_SetPinAsInput), (38 bytes).
    Removing tm_stm32f4_gpio.o(i.TM_GPIO_SetPinAsOutput), (46 bytes).
    Removing tm_stm32f4_gpio.o(i.TM_GPIO_SetPullResistor), (50 bytes).
    Removing tm_stm32f4_gpio.o(.bss), (22 bytes).
    Removing tm_stm32f4_delay.o(.rev16_text), (4 bytes).
    Removing tm_stm32f4_delay.o(.revsh_text), (4 bytes).
    Removing tm_stm32f4_delay.o(.rrx_text), (6 bytes).
    Removing tm_stm32f4_delay.o(i.TM_DELAY_DisableDelayTimer), (18 bytes).
    Removing tm_stm32f4_delay.o(i.TM_DELAY_EnableDelayTimer), (32 bytes).
    Removing tm_stm32f4_delay.o(i.TM_DELAY_Init), (136 bytes).
    Removing tm_stm32f4_delay.o(i.TM_DELAY_TimerAutoReload), (4 bytes).
    Removing tm_stm32f4_delay.o(i.TM_DELAY_TimerAutoReloadValue), (4 bytes).
    Removing tm_stm32f4_delay.o(i.TM_DELAY_TimerCreate), (88 bytes).
    Removing tm_stm32f4_delay.o(i.TM_DELAY_TimerDelete), (132 bytes).
    Removing tm_stm32f4_delay.o(i.TM_DELAY_TimerReset), (6 bytes).
    Removing tm_stm32f4_delay.o(i.TM_DELAY_TimerStart), (6 bytes).
    Removing tm_stm32f4_delay.o(i.TM_DELAY_TimerStop), (6 bytes).

503 unused section(s) (total 37773 bytes) removed from the image.

==============================================================================

Image Symbol Table

    Local Symbols

    Symbol Name                              Value     Ov Type        Size  Object(Section)

    ../clib/angel/boardlib.s                 0x00000000   Number         0  boardshut.o ABSOLUTE
    ../clib/angel/boardlib.s                 0x00000000   Number         0  boardinit3.o ABSOLUTE
    ../clib/angel/boardlib.s                 0x00000000   Number         0  boardinit2.o ABSOLUTE
    ../clib/angel/boardlib.s                 0x00000000   Number         0  boardinit1.o ABSOLUTE
    ../clib/angel/handlers.s                 0x00000000   Number         0  __scatter_zi.o ABSOLUTE
    ../clib/angel/handlers.s                 0x00000000   Number         0  __scatter_copy.o ABSOLUTE
    ../clib/angel/kernel.s                   0x00000000   Number         0  __rtentry2.o ABSOLUTE
    ../clib/angel/kernel.s                   0x00000000   Number         0  __rtentry4.o ABSOLUTE
    ../clib/angel/kernel.s                   0x00000000   Number         0  rtexit2.o ABSOLUTE
    ../clib/angel/kernel.s                   0x00000000   Number         0  rtexit.o ABSOLUTE
    ../clib/angel/kernel.s                   0x00000000   Number         0  __rtentry.o ABSOLUTE
    ../clib/angel/rt.s                       0x00000000   Number         0  rt_raise.o ABSOLUTE
    ../clib/angel/rt.s                       0x00000000   Number         0  rt_heap_descriptor_intlibspace.o ABSOLUTE
    ../clib/angel/rt.s                       0x00000000   Number         0  rt_heap_descriptor.o ABSOLUTE
    ../clib/angel/rt.s                       0x00000000   Number         0  aeabi_ldiv0_sigfpe.o ABSOLUTE
    ../clib/angel/rt.s                       0x00000000   Number         0  rt_div0.o ABSOLUTE
    ../clib/angel/rt.s                       0x00000000   Number         0  aeabi_ldiv0.o ABSOLUTE
    ../clib/angel/scatter.s                  0x00000000   Number         0  __scatter.o ABSOLUTE
    ../clib/angel/startup.s                  0x00000000   Number         0  __main.o ABSOLUTE
    ../clib/angel/sys.s                      0x00000000   Number         0  mutex_dummy.o ABSOLUTE
    ../clib/angel/sys.s                      0x00000000   Number         0  use_no_semi.o ABSOLUTE
    ../clib/angel/sys.s                      0x00000000   Number         0  libspace.o ABSOLUTE
    ../clib/angel/sys.s                      0x00000000   Number         0  sys_stackheap_outer.o ABSOLUTE
    ../clib/angel/sys.s                      0x00000000   Number         0  indicate_semi.o ABSOLUTE
    ../clib/angel/sysapp.c                   0x00000000   Number         0  sys_wrch.o ABSOLUTE
    ../clib/angel/sysapp.c                   0x00000000   Number         0  sys_exit.o ABSOLUTE
    ../clib/angel/sysapp.c                   0x00000000   Number         0  sys_command.o ABSOLUTE
    ../clib/armsys.c                         0x00000000   Number         0  argv_veneer.o ABSOLUTE
    ../clib/armsys.c                         0x00000000   Number         0  argv_veneer.o ABSOLUTE
    ../clib/armsys.c                         0x00000000   Number         0  _get_argv_nomalloc.o ABSOLUTE
    ../clib/armsys.c                         0x00000000   Number         0  _get_argv.o ABSOLUTE
    ../clib/armsys.c                         0x00000000   Number         0  no_argv.o ABSOLUTE
    ../clib/heap1.c                          0x00000000   Number         0  h1_final_mt.o ABSOLUTE
    ../clib/heap1.c                          0x00000000   Number         0  h1_alloc_mt.o ABSOLUTE
    ../clib/heap1.c                          0x00000000   Number         0  h1_extend.o ABSOLUTE
    ../clib/heap1.c                          0x00000000   Number         0  h1_init_mt.o ABSOLUTE
    ../clib/heap1.c                          0x00000000   Number         0  h1_free.o ABSOLUTE
    ../clib/heap1.c                          0x00000000   Number         0  h1_alloc.o ABSOLUTE
    ../clib/heap1.c                          0x00000000   Number         0  h1_free_mt.o ABSOLUTE
    ../clib/heap1.c                          0x00000000   Number         0  h1_final.o ABSOLUTE
    ../clib/heap1.c                          0x00000000   Number         0  h1_init.o ABSOLUTE
    ../clib/heap1.c                          0x00000000   Number         0  h1_extend_mt.o ABSOLUTE
    ../clib/heap2.c                          0x00000000   Number         0  fdtree.o ABSOLUTE
    ../clib/heap2.c                          0x00000000   Number         0  heap2mt.o ABSOLUTE
    ../clib/heap2.c                          0x00000000   Number         0  heap2.o ABSOLUTE
    ../clib/heapalloc.c                      0x00000000   Number         0  maybetermalloc1.o ABSOLUTE
    ../clib/heapalloc.c                      0x00000000   Number         0  hrguard.o ABSOLUTE
    ../clib/heapalloc.c                      0x00000000   Number         0  malloc.o ABSOLUTE
    ../clib/heapalloc.c                      0x00000000   Number         0  term_alloc.o ABSOLUTE
    ../clib/heapalloc.c                      0x00000000   Number         0  init_alloc.o ABSOLUTE
    ../clib/heapalloc.c                      0x00000000   Number         0  free.o ABSOLUTE
    ../clib/heapalloc.c                      0x00000000   Number         0  hguard.o ABSOLUTE
    ../clib/heapalloc.c                      0x00000000   Number         0  maybetermalloc2.o ABSOLUTE
    ../clib/heapalloc.c                      0x00000000   Number         0  heapstubs.o ABSOLUTE
    ../clib/heapalloc.c                      0x00000000   Number         0  maybetermalloc2.o ABSOLUTE
    ../clib/heapalloc.c                      0x00000000   Number         0  maybetermalloc1.o ABSOLUTE
    ../clib/heapaux.c                        0x00000000   Number         0  heapauxa.o ABSOLUTE
    ../clib/heapaux.c                        0x00000000   Number         0  heapauxi.o ABSOLUTE
    ../clib/libinit.s                        0x00000000   Number         0  libshutdown2.o ABSOLUTE
    ../clib/libinit.s                        0x00000000   Number         0  libinit.o ABSOLUTE
    ../clib/libinit.s                        0x00000000   Number         0  libinit2.o ABSOLUTE
    ../clib/libinit.s                        0x00000000   Number         0  libshutdown.o ABSOLUTE
    ../clib/longlong.s                       0x00000000   Number         0  lludivv7m.o ABSOLUTE
    ../clib/memcpset.s                       0x00000000   Number         0  rt_memclr_w.o ABSOLUTE
    ../clib/memcpset.s                       0x00000000   Number         0  rt_memcpy_v6.o ABSOLUTE
    ../clib/memcpset.s                       0x00000000   Number         0  rt_memcpy_w.o ABSOLUTE
    ../clib/printf.c                         0x00000000   Number         0  _printf_hex_int.o ABSOLUTE
    ../clib/printf.c                         0x00000000   Number         0  _sputc.o ABSOLUTE
    ../clib/printf.c                         0x00000000   Number         0  _printf_hex_ll.o ABSOLUTE
    ../clib/printf.c                         0x00000000   Number         0  _printf_str.o ABSOLUTE
    ../clib/printf.c                         0x00000000   Number         0  _printf_intcommon.o ABSOLUTE
    ../clib/printf.c                         0x00000000   Number         0  __printf.o ABSOLUTE
    ../clib/printf.c                         0x00000000   Number         0  noretval__2sprintf.o ABSOLUTE
    ../clib/printf.c                         0x00000000   Number         0  _printf_char_common.o ABSOLUTE
    ../clib/printf.c                         0x00000000   Number         0  _printf_hex_ll_ptr.o ABSOLUTE
    ../clib/printf.c                         0x00000000   Number         0  _printf_hex_int_ll_ptr.o ABSOLUTE
    ../clib/printf.c                         0x00000000   Number         0  __printf_flags.o ABSOLUTE
    ../clib/printf.c                         0x00000000   Number         0  __printf_ss.o ABSOLUTE
    ../clib/printf.c                         0x00000000   Number         0  __printf_flags_ss.o ABSOLUTE
    ../clib/printf.c                         0x00000000   Number         0  __printf_wp.o ABSOLUTE
    ../clib/printf.c                         0x00000000   Number         0  __printf_flags_wp.o ABSOLUTE
    ../clib/printf.c                         0x00000000   Number         0  __printf_ss_wp.o ABSOLUTE
    ../clib/printf.c                         0x00000000   Number         0  __printf_flags_ss_wp.o ABSOLUTE
    ../clib/printf.c                         0x00000000   Number         0  __2sprintf.o ABSOLUTE
    ../clib/printf.c                         0x00000000   Number         0  __printf_nopercent.o ABSOLUTE
    ../clib/printf.c                         0x00000000   Number         0  _printf_hex_int_ptr.o ABSOLUTE
    ../clib/printf.c                         0x00000000   Number         0  _printf_hex_ptr.o ABSOLUTE
    ../clib/printf.c                         0x00000000   Number         0  _printf_hex_int_ll.o ABSOLUTE
    ../clib/printf.c                         0x00000000   Number         0  _printf_char.o ABSOLUTE
    ../clib/printf_percent.s                 0x00000000   Number         0  _printf_percent_end.o ABSOLUTE
    ../clib/printf_percent.s                 0x00000000   Number         0  _printf_x.o ABSOLUTE
    ../clib/printf_percent.s                 0x00000000   Number         0  _printf_percent.o ABSOLUTE
    ../clib/printf_percent.s                 0x00000000   Number         0  _printf_s.o ABSOLUTE
    ../clib/signal.c                         0x00000000   Number         0  defsig_fpe_inner.o ABSOLUTE
    ../clib/signal.c                         0x00000000   Number         0  defsig_general.o ABSOLUTE
    ../clib/signal.c                         0x00000000   Number         0  __raise.o ABSOLUTE
    ../clib/signal.c                         0x00000000   Number         0  defsig_fpe_formal.o ABSOLUTE
    ../clib/signal.c                         0x00000000   Number         0  defsig_abrt_inner.o ABSOLUTE
    ../clib/signal.c                         0x00000000   Number         0  defsig_rtred_inner.o ABSOLUTE
    ../clib/signal.c                         0x00000000   Number         0  defsig_stak_inner.o ABSOLUTE
    ../clib/signal.c                         0x00000000   Number         0  defsig_pvfn_inner.o ABSOLUTE
    ../clib/signal.c                         0x00000000   Number         0  defsig_cppl_inner.o ABSOLUTE
    ../clib/signal.c                         0x00000000   Number         0  defsig_segv_inner.o ABSOLUTE
    ../clib/signal.c                         0x00000000   Number         0  defsig_other.o ABSOLUTE
    ../clib/signal.c                         0x00000000   Number         0  defsig_fpe_outer.o ABSOLUTE
    ../clib/signal.c                         0x00000000   Number         0  defsig_exit.o ABSOLUTE
    ../clib/signal.c                         0x00000000   Number         0  defsig_rtmem_formal.o ABSOLUTE
    ../clib/signal.c                         0x00000000   Number         0  defsig_rtmem_outer.o ABSOLUTE
    ../clib/signal.c                         0x00000000   Number         0  defsig_rtmem_inner.o ABSOLUTE
    ../clib/signal.s                         0x00000000   Number         0  defsig.o ABSOLUTE
    ../clib/stdlib.c                         0x00000000   Number         0  exit.o ABSOLUTE
    ../clib/string.c                         0x00000000   Number         0  strlen.o ABSOLUTE
    ../clib/string.c                         0x00000000   Number         0  strcpy.o ABSOLUTE
    ../fplib/dfixu.s                         0x00000000   Number         0  dfixu.o ABSOLUTE
    ../fplib/dflt.s                          0x00000000   Number         0  dflt_clz.o ABSOLUTE
    ../fplib/dmul.s                          0x00000000   Number         0  dmul.o ABSOLUTE
    ../fplib/dnaninf.s                       0x00000000   Number         0  dnaninf.o ABSOLUTE
    ../fplib/dretinf.s                       0x00000000   Number         0  dretinf.o ABSOLUTE
    ../fplib/fpinit.s                        0x00000000   Number         0  fpinit.o ABSOLUTE
    ../fplib/usenofp.s                       0x00000000   Number         0  usenofp.o ABSOLUTE
    STM32F4xx_DSP_StdPeriph_Lib_V1.9.0\Libraries\CMSIS\Device\ST\STM32F4xx\Source\Templates\arm\startup_stm32f40xx.s 0x00000000   Number         0  startup_stm32f40xx.o ABSOLUTE
    STM32F4xx_DSP_StdPeriph_Lib_V1.9.0\Libraries\STM32F4xx_StdPeriph_Driver\src\misc.c 0x00000000   Number         0  misc.o ABSOLUTE
    STM32F4xx_DSP_StdPeriph_Lib_V1.9.0\Libraries\STM32F4xx_StdPeriph_Driver\src\stm32f4xx_dma.c 0x00000000   Number         0  stm32f4xx_dma.o ABSOLUTE
    STM32F4xx_DSP_StdPeriph_Lib_V1.9.0\Libraries\STM32F4xx_StdPeriph_Driver\src\stm32f4xx_gpio.c 0x00000000   Number         0  stm32f4xx_gpio.o ABSOLUTE
    STM32F4xx_DSP_StdPeriph_Lib_V1.9.0\Libraries\STM32F4xx_StdPeriph_Driver\src\stm32f4xx_rcc.c 0x00000000   Number         0  stm32f4xx_rcc.o ABSOLUTE
    STM32F4xx_DSP_StdPeriph_Lib_V1.9.0\Libraries\STM32F4xx_StdPeriph_Driver\src\stm32f4xx_sdio.c 0x00000000   Number         0  stm32f4xx_sdio.o ABSOLUTE
    STM32F4xx_DSP_StdPeriph_Lib_V1.9.0\Libraries\STM32F4xx_StdPeriph_Driver\src\stm32f4xx_spi.c 0x00000000   Number         0  stm32f4xx_spi.o ABSOLUTE
    STM32F4xx_DSP_StdPeriph_Lib_V1.9.0\Libraries\STM32F4xx_StdPeriph_Driver\src\stm32f4xx_tim.c 0x00000000   Number         0  stm32f4xx_tim.o ABSOLUTE
    STM32F4xx_DSP_StdPeriph_Lib_V1.9.0\Libraries\STM32F4xx_StdPeriph_Driver\src\stm32f4xx_usart.c 0x00000000   Number         0  stm32f4xx_usart.o ABSOLUTE
    STM32F4xx_DSP_StdPeriph_Lib_V1.9.0\\Libraries\\STM32F4xx_StdPeriph_Driver\\src\\misc.c 0x00000000   Number         0  misc.o ABSOLUTE
    STM32F4xx_DSP_StdPeriph_Lib_V1.9.0\\Libraries\\STM32F4xx_StdPeriph_Driver\\src\\stm32f4xx_dma.c 0x00000000   Number         0  stm32f4xx_dma.o ABSOLUTE
    STM32F4xx_DSP_StdPeriph_Lib_V1.9.0\\Libraries\\STM32F4xx_StdPeriph_Driver\\src\\stm32f4xx_gpio.c 0x00000000   Number         0  stm32f4xx_gpio.o ABSOLUTE
    STM32F4xx_DSP_StdPeriph_Lib_V1.9.0\\Libraries\\STM32F4xx_StdPeriph_Driver\\src\\stm32f4xx_rcc.c 0x00000000   Number         0  stm32f4xx_rcc.o ABSOLUTE
    STM32F4xx_DSP_StdPeriph_Lib_V1.9.0\\Libraries\\STM32F4xx_StdPeriph_Driver\\src\\stm32f4xx_sdio.c 0x00000000   Number         0  stm32f4xx_sdio.o ABSOLUTE
    STM32F4xx_DSP_StdPeriph_Lib_V1.9.0\\Libraries\\STM32F4xx_StdPeriph_Driver\\src\\stm32f4xx_spi.c 0x00000000   Number         0  stm32f4xx_spi.o ABSOLUTE
    STM32F4xx_DSP_StdPeriph_Lib_V1.9.0\\Libraries\\STM32F4xx_StdPeriph_Driver\\src\\stm32f4xx_tim.c 0x00000000   Number         0  stm32f4xx_tim.o ABSOLUTE
    STM32F4xx_DSP_StdPeriph_Lib_V1.9.0\\Libraries\\STM32F4xx_StdPeriph_Driver\\src\\stm32f4xx_usart.c 0x00000000   Number         0  stm32f4xx_usart.o ABSOLUTE
    TM\\tm_stm32f4_delay.c                   0x00000000   Number         0  tm_stm32f4_delay.o ABSOLUTE
    TM\\tm_stm32f4_fatfs.c                   0x00000000   Number         0  tm_stm32f4_fatfs.o ABSOLUTE
    TM\\tm_stm32f4_gpio.c                    0x00000000   Number         0  tm_stm32f4_gpio.o ABSOLUTE
    TM\tm_stm32f4_delay.c                    0x00000000   Number         0  tm_stm32f4_delay.o ABSOLUTE
    TM\tm_stm32f4_fatfs.c                    0x00000000   Number         0  tm_stm32f4_fatfs.o ABSOLUTE
    TM\tm_stm32f4_gpio.c                     0x00000000   Number         0  tm_stm32f4_gpio.o ABSOLUTE
    dc.s                                     0x00000000   Number         0  dc.o ABSOLUTE
    fatfs\\diskio.c                          0x00000000   Number         0  diskio.o ABSOLUTE
    fatfs\\drivers\\fatfs_sd_sdio.c          0x00000000   Number         0  fatfs_sd_sdio.o ABSOLUTE
    fatfs\diskio.c                           0x00000000   Number         0  diskio.o ABSOLUTE
    fatfs\drivers\fatfs_sd_sdio.c            0x00000000   Number         0  fatfs_sd_sdio.o ABSOLUTE
    fatfs\ff.c                               0x00000000   Number         0  ff.o ABSOLUTE
    fatfs\option\syscall.c                   0x00000000   Number         0  syscall.o ABSOLUTE
    fatfs\option\unicode.c                   0x00000000   Number         0  unicode.o ABSOLUTE
    src\RFID_rc522.c                         0x00000000   Number         0  rfid_rc522.o ABSOLUTE
    src\\RFID_rc522.c                        0x00000000   Number         0  rfid_rc522.o ABSOLUTE
    src\\main.c                              0x00000000   Number         0  main.o ABSOLUTE
    src\\spi.c                               0x00000000   Number         0  spi.o ABSOLUTE
    src\\system_stm32f4xx.c                  0x00000000   Number         0  system_stm32f4xx.o ABSOLUTE
    src\\tim.c                               0x00000000   Number         0  tim.o ABSOLUTE
    src\\usart.c                             0x00000000   Number         0  usart.o ABSOLUTE
    src\main.c                               0x00000000   Number         0  main.o ABSOLUTE
    src\spi.c                                0x00000000   Number         0  spi.o ABSOLUTE
    src\system_stm32f4xx.c                   0x00000000   Number         0  system_stm32f4xx.o ABSOLUTE
    src\tim.c                                0x00000000   Number         0  tim.o ABSOLUTE
    src\usart.c                              0x00000000   Number         0  usart.o ABSOLUTE
    RESET                                    0x08000000   Section      392  startup_stm32f40xx.o(RESET)
    !!!main                                  0x08000188   Section        8  __main.o(!!!main)
    !!!scatter                               0x08000190   Section       52  __scatter.o(!!!scatter)
    !!handler_copy                           0x080001c4   Section       26  __scatter_copy.o(!!handler_copy)
    !!handler_zi                             0x080001e0   Section       28  __scatter_zi.o(!!handler_zi)
    .ARM.Collect$$_printf_percent$$00000000  0x080001fc   Section        0  _printf_percent.o(.ARM.Collect$$_printf_percent$$00000000)
    .ARM.Collect$$_printf_percent$$0000000C  0x080001fc   Section        6  _printf_x.o(.ARM.Collect$$_printf_percent$$0000000C)
    .ARM.Collect$$_printf_percent$$00000017  0x08000202   Section        4  _printf_percent_end.o(.ARM.Collect$$_printf_percent$$00000017)
    .ARM.Collect$$libinit$$00000000          0x08000206   Section        2  libinit.o(.ARM.Collect$$libinit$$00000000)
    .ARM.Collect$$libinit$$00000001          0x08000208   Section        4  libinit2.o(.ARM.Collect$$libinit$$00000001)
    .ARM.Collect$$libinit$$00000004          0x0800020c   Section        0  libinit2.o(.ARM.Collect$$libinit$$00000004)
    .ARM.Collect$$libinit$$0000000A          0x0800020c   Section        0  libinit2.o(.ARM.Collect$$libinit$$0000000A)
    .ARM.Collect$$libinit$$0000000C          0x0800020c   Section        0  libinit2.o(.ARM.Collect$$libinit$$0000000C)
    .ARM.Collect$$libinit$$0000000E          0x0800020c   Section        0  libinit2.o(.ARM.Collect$$libinit$$0000000E)
    .ARM.Collect$$libinit$$00000011          0x0800020c   Section        0  libinit2.o(.ARM.Collect$$libinit$$00000011)
    .ARM.Collect$$libinit$$00000013          0x0800020c   Section        0  libinit2.o(.ARM.Collect$$libinit$$00000013)
    .ARM.Collect$$libinit$$00000015          0x0800020c   Section        0  libinit2.o(.ARM.Collect$$libinit$$00000015)
    .ARM.Collect$$libinit$$00000017          0x0800020c   Section        0  libinit2.o(.ARM.Collect$$libinit$$00000017)
    .ARM.Collect$$libinit$$00000019          0x0800020c   Section        0  libinit2.o(.ARM.Collect$$libinit$$00000019)
    .ARM.Collect$$libinit$$0000001B          0x0800020c   Section        0  libinit2.o(.ARM.Collect$$libinit$$0000001B)
    .ARM.Collect$$libinit$$0000001D          0x0800020c   Section        0  libinit2.o(.ARM.Collect$$libinit$$0000001D)
    .ARM.Collect$$libinit$$0000001F          0x0800020c   Section        0  libinit2.o(.ARM.Collect$$libinit$$0000001F)
    .ARM.Collect$$libinit$$00000021          0x0800020c   Section        0  libinit2.o(.ARM.Collect$$libinit$$00000021)
    .ARM.Collect$$libinit$$00000023          0x0800020c   Section        0  libinit2.o(.ARM.Collect$$libinit$$00000023)
    .ARM.Collect$$libinit$$00000025          0x0800020c   Section        0  libinit2.o(.ARM.Collect$$libinit$$00000025)
    .ARM.Collect$$libinit$$0000002C          0x0800020c   Section        0  libinit2.o(.ARM.Collect$$libinit$$0000002C)
    .ARM.Collect$$libinit$$0000002E          0x0800020c   Section        0  libinit2.o(.ARM.Collect$$libinit$$0000002E)
    .ARM.Collect$$libinit$$00000030          0x0800020c   Section        0  libinit2.o(.ARM.Collect$$libinit$$00000030)
    .ARM.Collect$$libinit$$00000032          0x0800020c   Section        0  libinit2.o(.ARM.Collect$$libinit$$00000032)
    .ARM.Collect$$libinit$$00000033          0x0800020c   Section        2  libinit2.o(.ARM.Collect$$libinit$$00000033)
    .ARM.Collect$$libshutdown$$00000000      0x0800020e   Section        2  libshutdown.o(.ARM.Collect$$libshutdown$$00000000)
    .ARM.Collect$$libshutdown$$00000002      0x08000210   Section        0  libshutdown2.o(.ARM.Collect$$libshutdown$$00000002)
    .ARM.Collect$$libshutdown$$00000004      0x08000210   Section        0  libshutdown2.o(.ARM.Collect$$libshutdown$$00000004)
    .ARM.Collect$$libshutdown$$00000007      0x08000210   Section        0  libshutdown2.o(.ARM.Collect$$libshutdown$$00000007)
    .ARM.Collect$$libshutdown$$0000000A      0x08000210   Section        0  libshutdown2.o(.ARM.Collect$$libshutdown$$0000000A)
    .ARM.Collect$$libshutdown$$0000000C      0x08000210   Section        0  libshutdown2.o(.ARM.Collect$$libshutdown$$0000000C)
    .ARM.Collect$$libshutdown$$0000000F      0x08000210   Section        0  libshutdown2.o(.ARM.Collect$$libshutdown$$0000000F)
    .ARM.Collect$$libshutdown$$00000010      0x08000210   Section        2  libshutdown2.o(.ARM.Collect$$libshutdown$$00000010)
    .ARM.Collect$$rtentry$$00000000          0x08000212   Section        0  __rtentry.o(.ARM.Collect$$rtentry$$00000000)
    .ARM.Collect$$rtentry$$00000002          0x08000212   Section        0  __rtentry2.o(.ARM.Collect$$rtentry$$00000002)
    .ARM.Collect$$rtentry$$00000004          0x08000212   Section        6  __rtentry4.o(.ARM.Collect$$rtentry$$00000004)
    .ARM.Collect$$rtentry$$00000009          0x08000218   Section        0  __rtentry2.o(.ARM.Collect$$rtentry$$00000009)
    .ARM.Collect$$rtentry$$0000000A          0x08000218   Section        4  __rtentry2.o(.ARM.Collect$$rtentry$$0000000A)
    .ARM.Collect$$rtentry$$0000000C          0x0800021c   Section        0  __rtentry2.o(.ARM.Collect$$rtentry$$0000000C)
    .ARM.Collect$$rtentry$$0000000D          0x0800021c   Section        8  __rtentry2.o(.ARM.Collect$$rtentry$$0000000D)
    .ARM.Collect$$rtexit$$00000000           0x08000224   Section        2  rtexit.o(.ARM.Collect$$rtexit$$00000000)
    .ARM.Collect$$rtexit$$00000002           0x08000226   Section        0  rtexit2.o(.ARM.Collect$$rtexit$$00000002)
    .ARM.Collect$$rtexit$$00000003           0x08000226   Section        4  rtexit2.o(.ARM.Collect$$rtexit$$00000003)
    .ARM.Collect$$rtexit$$00000004           0x0800022a   Section        6  rtexit2.o(.ARM.Collect$$rtexit$$00000004)
    .text                                    0x08000230   Section       64  startup_stm32f40xx.o(.text)
    $v0                                      0x08000230   Number         0  startup_stm32f40xx.o(.text)
    .text                                    0x08000270   Section        0  noretval__2sprintf.o(.text)
    .text                                    0x08000298   Section        0  __printf.o(.text)
    .text                                    0x08000300   Section        0  _printf_hex_int.o(.text)
    .text                                    0x08000358   Section        0  heapauxi.o(.text)
    .text                                    0x0800035e   Section        0  _printf_intcommon.o(.text)
    .text                                    0x08000410   Section        0  _printf_char_common.o(.text)
    _printf_input_char                       0x08000411   Thumb Code    10  _printf_char_common.o(.text)
    .text                                    0x08000440   Section        0  _sputc.o(.text)
    .text                                    0x0800044c   Section        8  libspace.o(.text)
    .text                                    0x08000454   Section        2  use_no_semi.o(.text)
    .text                                    0x08000456   Section       74  sys_stackheap_outer.o(.text)
    .text                                    0x08000456   Section        0  indicate_semi.o(.text)
    .text                                    0x080004a0   Section        0  exit.o(.text)
    .text                                    0x080004b4   Section        0  sys_exit.o(.text)
    i.AntennaOn                              0x080004c0   Section        0  rfid_rc522.o(i.AntennaOn)
    i.ClearBitMask                           0x080004d4   Section        0  rfid_rc522.o(i.ClearBitMask)
    i.DMA2_Stream3_IRQHandler                0x080004ee   Section        0  fatfs_sd_sdio.o(i.DMA2_Stream3_IRQHandler)
    i.DMA_ClearFlag                          0x080004f8   Section        0  stm32f4xx_dma.o(i.DMA_ClearFlag)
    i.Delay_ms                               0x0800052c   Section        0  tim.o(i.Delay_ms)
    i.GPIO_Init                              0x08000550   Section        0  stm32f4xx_gpio.o(i.GPIO_Init)
    i.GPIO_PinAFConfig                       0x080005e0   Section        0  stm32f4xx_gpio.o(i.GPIO_PinAFConfig)
    i.GPIO_ResetBits                         0x08000626   Section        0  stm32f4xx_gpio.o(i.GPIO_ResetBits)
    i.GPIO_SetBits                           0x0800062c   Section        0  stm32f4xx_gpio.o(i.GPIO_SetBits)
    i.MFRC522_Anticoll                       0x08000630   Section        0  rfid_rc522.o(i.MFRC522_Anticoll)
    i.MFRC522_Init                           0x0800067a   Section        0  rfid_rc522.o(i.MFRC522_Init)
    i.MFRC522_Request                        0x080006b6   Section        0  rfid_rc522.o(i.MFRC522_Request)
    i.MFRC522_Reset                          0x080006e6   Section        0  rfid_rc522.o(i.MFRC522_Reset)
    i.MFRC522_ToCard                         0x080006f2   Section        0  rfid_rc522.o(i.MFRC522_ToCard)
    i.RC522_SPI_Transfer                     0x08000814   Section        0  rfid_rc522.o(i.RC522_SPI_Transfer)
    i.RCC_AHB1PeriphClockCmd                 0x0800084c   Section        0  stm32f4xx_rcc.o(i.RCC_AHB1PeriphClockCmd)
    i.RCC_APB1PeriphClockCmd                 0x0800086c   Section        0  stm32f4xx_rcc.o(i.RCC_APB1PeriphClockCmd)
    i.RCC_APB2PeriphClockCmd                 0x0800088c   Section        0  stm32f4xx_rcc.o(i.RCC_APB2PeriphClockCmd)
    i.RCC_GetClocksFreq                      0x080008ac   Section        0  stm32f4xx_rcc.o(i.RCC_GetClocksFreq)
    i.Read_MFRC522                           0x08000994   Section        0  rfid_rc522.o(i.Read_MFRC522)
    i.SDIO_ClearITPendingBit                 0x080009c8   Section        0  stm32f4xx_sdio.o(i.SDIO_ClearITPendingBit)
    i.SDIO_GetITStatus                       0x080009d4   Section        0  stm32f4xx_sdio.o(i.SDIO_GetITStatus)
    i.SDIO_IRQHandler                        0x080009ec   Section        0  fatfs_sd_sdio.o(i.SDIO_IRQHandler)
    i.SD_ProcessDMAIRQ                       0x080009f4   Section        0  fatfs_sd_sdio.o(i.SD_ProcessDMAIRQ)
    i.SD_ProcessIRQSrc                       0x08000a1c   Section        0  fatfs_sd_sdio.o(i.SD_ProcessIRQSrc)
    i.SPIRC552_Config                        0x08000ad0   Section        0  spi.o(i.SPIRC552_Config)
    i.SPI_Cmd                                0x08000bb4   Section        0  stm32f4xx_spi.o(i.SPI_Cmd)
    i.SPI_I2S_GetFlagStatus                  0x08000bcc   Section        0  stm32f4xx_spi.o(i.SPI_I2S_GetFlagStatus)
    i.SPI_I2S_ReceiveData                    0x08000bde   Section        0  stm32f4xx_spi.o(i.SPI_I2S_ReceiveData)
    i.SPI_I2S_SendData                       0x08000be4   Section        0  stm32f4xx_spi.o(i.SPI_I2S_SendData)
    i.SPI_Init                               0x08000be8   Section        0  stm32f4xx_spi.o(i.SPI_Init)
    i.SPI_StructInit                         0x08000c24   Section        0  stm32f4xx_spi.o(i.SPI_StructInit)
    i.SetBitMask                             0x08000c3c   Section        0  rfid_rc522.o(i.SetBitMask)
    i.SetSysClock                            0x08000c58   Section        0  system_stm32f4xx.o(i.SetSysClock)
    SetSysClock                              0x08000c59   Thumb Code   220  system_stm32f4xx.o(i.SetSysClock)
    i.SysTick_Handler                        0x08000d44   Section        0  tm_stm32f4_delay.o(i.SysTick_Handler)
    i.SystemInit                             0x08000df4   Section        0  system_stm32f4xx.o(i.SystemInit)
    i.TIMDelay_Config                        0x08000e5c   Section        0  tim.o(i.TIMDelay_Config)
    i.TIM_Cmd                                0x08000e94   Section        0  stm32f4xx_tim.o(i.TIM_Cmd)
    i.TIM_GetCounter                         0x08000eac   Section        0  stm32f4xx_tim.o(i.TIM_GetCounter)
    i.TIM_SetCounter                         0x08000eb2   Section        0  stm32f4xx_tim.o(i.TIM_SetCounter)
    i.TIM_TimeBaseInit                       0x08000eb8   Section        0  stm32f4xx_tim.o(i.TIM_TimeBaseInit)
    i.UART1_Config                           0x08000f3c   Section        0  usart.o(i.UART1_Config)
    i.USART_Cmd                              0x08000fbc   Section        0  stm32f4xx_usart.o(i.USART_Cmd)
    i.USART_GetFlagStatus                    0x08000fd4   Section        0  stm32f4xx_usart.o(i.USART_GetFlagStatus)
    i.USART_Init                             0x08000ff0   Section        0  stm32f4xx_usart.o(i.USART_Init)
    i.USART_SendChar                         0x080010c4   Section        0  usart.o(i.USART_SendChar)
    i.USART_SendData                         0x080010ec   Section        0  stm32f4xx_usart.o(i.USART_SendData)
    i.USART_SendString                       0x080010f4   Section        0  usart.o(i.USART_SendString)
    i.Write_MFRC522                          0x0800110c   Section        0  rfid_rc522.o(i.Write_MFRC522)
    i.main                                   0x08001138   Section        0  main.o(i.main)
    x$fpl$fpinit                             0x08001300   Section       10  fpinit.o(x$fpl$fpinit)
    $v0                                      0x08001300   Number         0  fpinit.o(x$fpl$fpinit)
    .constdata                               0x0800130a   Section       40  _printf_hex_int.o(.constdata)
    uc_hextab                                0x0800130a   Data          20  _printf_hex_int.o(.constdata)
    lc_hextab                                0x0800131e   Data          20  _printf_hex_int.o(.constdata)
    .data                                    0x20000000   Section       33  main.o(.data)
    .data                                    0x20000021   Section       16  stm32f4xx_rcc.o(.data)
    APBAHBPrescTable                         0x20000021   Data          16  stm32f4xx_rcc.o(.data)
    .data                                    0x20000034   Section       25  fatfs_sd_sdio.o(.data)
    CardType                                 0x20000034   Data           4  fatfs_sd_sdio.o(.data)
    RCA                                      0x20000038   Data           4  fatfs_sd_sdio.o(.data)
    TM_FATFS_SD_SDIO_Stat                    0x2000004c   Data           1  fatfs_sd_sdio.o(.data)
    .data                                    0x20000050   Section       17  tm_stm32f4_delay.o(.data)
    .bss                                     0x20000064   Section     1232  main.o(.bss)
    .bss                                     0x20000534   Section       24  tm_stm32f4_delay.o(.bss)
    CustomTimers                             0x20000534   Data          24  tm_stm32f4_delay.o(.bss)
    .bss                                     0x2000054c   Section       96  libspace.o(.bss)
    HEAP                                     0x200005b0   Section      512  startup_stm32f40xx.o(HEAP)
    Heap_Mem                                 0x200005b0   Data         512  startup_stm32f40xx.o(HEAP)
    STACK                                    0x200007b0   Section     1024  startup_stm32f40xx.o(STACK)
    Stack_Mem                                0x200007b0   Data        1024  startup_stm32f40xx.o(STACK)
    __initial_sp                             0x20000bb0   Data           0  startup_stm32f40xx.o(STACK)

    Global Symbols

    Symbol Name                              Value     Ov Type        Size  Object(Section)

    BuildAttributes$$THM_ISAv4$E$P$D$K$B$S$7EM$VFPi3$EXTD16$VFPS$VFMA$PE$A:L22UL41UL21$X:L11$S22US41US21$IEEE1$IW$USESV6$~STKCKD$USESV7$~SHL$OTIME$ROPI$EBA8$UX$STANDARDLIB$REQ8$PRES8$EABIv2 0x00000000   Number         0  anon$$obj.o ABSOLUTE
    __ARM_use_no_argv                        0x00000000   Number         0  main.o ABSOLUTE
    TM_DELAY_1msHandler                       - Undefined Weak Reference
    __ARM_exceptions_init                     - Undefined Weak Reference
    __alloca_initialize                       - Undefined Weak Reference
    __arm_preinit_                            - Undefined Weak Reference
    __cpp_initialize__aeabi_                  - Undefined Weak Reference
    __cxa_finalize                            - Undefined Weak Reference
    __rt_locale                               - Undefined Weak Reference
    __sigvec_lookup                           - Undefined Weak Reference
    __user_heap_extent                        - Undefined Weak Reference
    _atexit_init                              - Undefined Weak Reference
    _call_atexit_fns                          - Undefined Weak Reference
    _clock_init                               - Undefined Weak Reference
    _fp_trap_init                             - Undefined Weak Reference
    _fp_trap_shutdown                         - Undefined Weak Reference
    _get_lc_collate                           - Undefined Weak Reference
    _get_lc_ctype                             - Undefined Weak Reference
    _get_lc_monetary                          - Undefined Weak Reference
    _get_lc_numeric                           - Undefined Weak Reference
    _get_lc_time                              - Undefined Weak Reference
    _getenv_init                              - Undefined Weak Reference
    _handle_redirection                       - Undefined Weak Reference
    _initio                                   - Undefined Weak Reference
    _mutex_acquire                            - Undefined Weak Reference
    _mutex_free                               - Undefined Weak Reference
    _mutex_release                            - Undefined Weak Reference
    _printf_mbtowc                            - Undefined Weak Reference
    _printf_post_padding                      - Undefined Weak Reference
    _printf_pre_padding                       - Undefined Weak Reference
    _printf_truncate_unsigned                 - Undefined Weak Reference
    _rand_init                                - Undefined Weak Reference
    _signal_finish                            - Undefined Weak Reference
    _signal_init                              - Undefined Weak Reference
    _terminateio                              - Undefined Weak Reference
    __Vectors_Size                           0x00000188   Number         0  startup_stm32f40xx.o ABSOLUTE
    __Vectors                                0x08000000   Data           4  startup_stm32f40xx.o(RESET)
    __Vectors_End                            0x08000188   Data           0  startup_stm32f40xx.o(RESET)
    __main                                   0x08000189   Thumb Code     8  __main.o(!!!main)
    __scatterload                            0x08000191   Thumb Code     0  __scatter.o(!!!scatter)
    __scatterload_rt2                        0x08000191   Thumb Code    44  __scatter.o(!!!scatter)
    __scatterload_rt2_thumb_only             0x08000191   Thumb Code     0  __scatter.o(!!!scatter)
    __scatterload_null                       0x0800019f   Thumb Code     0  __scatter.o(!!!scatter)
    __scatterload_copy                       0x080001c5   Thumb Code    26  __scatter_copy.o(!!handler_copy)
    __scatterload_zeroinit                   0x080001e1   Thumb Code    28  __scatter_zi.o(!!handler_zi)
    _printf_percent                          0x080001fd   Thumb Code     0  _printf_percent.o(.ARM.Collect$$_printf_percent$$00000000)
    _printf_x                                0x080001fd   Thumb Code     0  _printf_x.o(.ARM.Collect$$_printf_percent$$0000000C)
    _printf_percent_end                      0x08000203   Thumb Code     0  _printf_percent_end.o(.ARM.Collect$$_printf_percent$$00000017)
    __rt_lib_init                            0x08000207   Thumb Code     0  libinit.o(.ARM.Collect$$libinit$$00000000)
    __rt_lib_init_fp_1                       0x08000209   Thumb Code     0  libinit2.o(.ARM.Collect$$libinit$$00000001)
    __rt_lib_init_alloca_1                   0x0800020d   Thumb Code     0  libinit2.o(.ARM.Collect$$libinit$$0000002E)
    __rt_lib_init_argv_1                     0x0800020d   Thumb Code     0  libinit2.o(.ARM.Collect$$libinit$$0000002C)
    __rt_lib_init_atexit_1                   0x0800020d   Thumb Code     0  libinit2.o(.ARM.Collect$$libinit$$0000001B)
    __rt_lib_init_clock_1                    0x0800020d   Thumb Code     0  libinit2.o(.ARM.Collect$$libinit$$00000021)
    __rt_lib_init_cpp_1                      0x0800020d   Thumb Code     0  libinit2.o(.ARM.Collect$$libinit$$00000032)
    __rt_lib_init_exceptions_1               0x0800020d   Thumb Code     0  libinit2.o(.ARM.Collect$$libinit$$00000030)
    __rt_lib_init_fp_trap_1                  0x0800020d   Thumb Code     0  libinit2.o(.ARM.Collect$$libinit$$0000001F)
    __rt_lib_init_getenv_1                   0x0800020d   Thumb Code     0  libinit2.o(.ARM.Collect$$libinit$$00000023)
    __rt_lib_init_heap_1                     0x0800020d   Thumb Code     0  libinit2.o(.ARM.Collect$$libinit$$0000000A)
    __rt_lib_init_lc_collate_1               0x0800020d   Thumb Code     0  libinit2.o(.ARM.Collect$$libinit$$00000011)
    __rt_lib_init_lc_ctype_1                 0x0800020d   Thumb Code     0  libinit2.o(.ARM.Collect$$libinit$$00000013)
    __rt_lib_init_lc_monetary_1              0x0800020d   Thumb Code     0  libinit2.o(.ARM.Collect$$libinit$$00000015)
    __rt_lib_init_lc_numeric_1               0x0800020d   Thumb Code     0  libinit2.o(.ARM.Collect$$libinit$$00000017)
    __rt_lib_init_lc_time_1                  0x0800020d   Thumb Code     0  libinit2.o(.ARM.Collect$$libinit$$00000019)
    __rt_lib_init_preinit_1                  0x0800020d   Thumb Code     0  libinit2.o(.ARM.Collect$$libinit$$00000004)
    __rt_lib_init_rand_1                     0x0800020d   Thumb Code     0  libinit2.o(.ARM.Collect$$libinit$$0000000E)
    __rt_lib_init_return                     0x0800020d   Thumb Code     0  libinit2.o(.ARM.Collect$$libinit$$00000033)
    __rt_lib_init_signal_1                   0x0800020d   Thumb Code     0  libinit2.o(.ARM.Collect$$libinit$$0000001D)
    __rt_lib_init_stdio_1                    0x0800020d   Thumb Code     0  libinit2.o(.ARM.Collect$$libinit$$00000025)
    __rt_lib_init_user_alloc_1               0x0800020d   Thumb Code     0  libinit2.o(.ARM.Collect$$libinit$$0000000C)
    __rt_lib_shutdown                        0x0800020f   Thumb Code     0  libshutdown.o(.ARM.Collect$$libshutdown$$00000000)
    __rt_lib_shutdown_cpp_1                  0x08000211   Thumb Code     0  libshutdown2.o(.ARM.Collect$$libshutdown$$00000002)
    __rt_lib_shutdown_fp_trap_1              0x08000211   Thumb Code     0  libshutdown2.o(.ARM.Collect$$libshutdown$$00000007)
    __rt_lib_shutdown_heap_1                 0x08000211   Thumb Code     0  libshutdown2.o(.ARM.Collect$$libshutdown$$0000000F)
    __rt_lib_shutdown_return                 0x08000211   Thumb Code     0  libshutdown2.o(.ARM.Collect$$libshutdown$$00000010)
    __rt_lib_shutdown_signal_1               0x08000211   Thumb Code     0  libshutdown2.o(.ARM.Collect$$libshutdown$$0000000A)
    __rt_lib_shutdown_stdio_1                0x08000211   Thumb Code     0  libshutdown2.o(.ARM.Collect$$libshutdown$$00000004)
    __rt_lib_shutdown_user_alloc_1           0x08000211   Thumb Code     0  libshutdown2.o(.ARM.Collect$$libshutdown$$0000000C)
    __rt_entry                               0x08000213   Thumb Code     0  __rtentry.o(.ARM.Collect$$rtentry$$00000000)
    __rt_entry_presh_1                       0x08000213   Thumb Code     0  __rtentry2.o(.ARM.Collect$$rtentry$$00000002)
    __rt_entry_sh                            0x08000213   Thumb Code     0  __rtentry4.o(.ARM.Collect$$rtentry$$00000004)
    __rt_entry_li                            0x08000219   Thumb Code     0  __rtentry2.o(.ARM.Collect$$rtentry$$0000000A)
    __rt_entry_postsh_1                      0x08000219   Thumb Code     0  __rtentry2.o(.ARM.Collect$$rtentry$$00000009)
    __rt_entry_main                          0x0800021d   Thumb Code     0  __rtentry2.o(.ARM.Collect$$rtentry$$0000000D)
    __rt_entry_postli_1                      0x0800021d   Thumb Code     0  __rtentry2.o(.ARM.Collect$$rtentry$$0000000C)
    __rt_exit                                0x08000225   Thumb Code     0  rtexit.o(.ARM.Collect$$rtexit$$00000000)
    __rt_exit_ls                             0x08000227   Thumb Code     0  rtexit2.o(.ARM.Collect$$rtexit$$00000003)
    __rt_exit_prels_1                        0x08000227   Thumb Code     0  rtexit2.o(.ARM.Collect$$rtexit$$00000002)
    __rt_exit_exit                           0x0800022b   Thumb Code     0  rtexit2.o(.ARM.Collect$$rtexit$$00000004)
    Reset_Handler                            0x08000231   Thumb Code     8  startup_stm32f40xx.o(.text)
    NMI_Handler                              0x08000239   Thumb Code     2  startup_stm32f40xx.o(.text)
    HardFault_Handler                        0x0800023b   Thumb Code     2  startup_stm32f40xx.o(.text)
    MemManage_Handler                        0x0800023d   Thumb Code     2  startup_stm32f40xx.o(.text)
    BusFault_Handler                         0x0800023f   Thumb Code     2  startup_stm32f40xx.o(.text)
    UsageFault_Handler                       0x08000241   Thumb Code     2  startup_stm32f40xx.o(.text)
    SVC_Handler                              0x08000243   Thumb Code     2  startup_stm32f40xx.o(.text)
    DebugMon_Handler                         0x08000245   Thumb Code     2  startup_stm32f40xx.o(.text)
    PendSV_Handler                           0x08000247   Thumb Code     2  startup_stm32f40xx.o(.text)
    ADC_IRQHandler                           0x0800024b   Thumb Code     0  startup_stm32f40xx.o(.text)
    CAN1_RX0_IRQHandler                      0x0800024b   Thumb Code     0  startup_stm32f40xx.o(.text)
    CAN1_RX1_IRQHandler                      0x0800024b   Thumb Code     0  startup_stm32f40xx.o(.text)
    CAN1_SCE_IRQHandler                      0x0800024b   Thumb Code     0  startup_stm32f40xx.o(.text)
    CAN1_TX_IRQHandler                       0x0800024b   Thumb Code     0  startup_stm32f40xx.o(.text)
    CAN2_RX0_IRQHandler                      0x0800024b   Thumb Code     0  startup_stm32f40xx.o(.text)
    CAN2_RX1_IRQHandler                      0x0800024b   Thumb Code     0  startup_stm32f40xx.o(.text)
    CAN2_SCE_IRQHandler                      0x0800024b   Thumb Code     0  startup_stm32f40xx.o(.text)
    CAN2_TX_IRQHandler                       0x0800024b   Thumb Code     0  startup_stm32f40xx.o(.text)
    CRYP_IRQHandler                          0x0800024b   Thumb Code     0  startup_stm32f40xx.o(.text)
    DCMI_IRQHandler                          0x0800024b   Thumb Code     0  startup_stm32f40xx.o(.text)
    DMA1_Stream0_IRQHandler                  0x0800024b   Thumb Code     0  startup_stm32f40xx.o(.text)
    DMA1_Stream1_IRQHandler                  0x0800024b   Thumb Code     0  startup_stm32f40xx.o(.text)
    DMA1_Stream2_IRQHandler                  0x0800024b   Thumb Code     0  startup_stm32f40xx.o(.text)
    DMA1_Stream3_IRQHandler                  0x0800024b   Thumb Code     0  startup_stm32f40xx.o(.text)
    DMA1_Stream4_IRQHandler                  0x0800024b   Thumb Code     0  startup_stm32f40xx.o(.text)
    DMA1_Stream5_IRQHandler                  0x0800024b   Thumb Code     0  startup_stm32f40xx.o(.text)
    DMA1_Stream6_IRQHandler                  0x0800024b   Thumb Code     0  startup_stm32f40xx.o(.text)
    DMA1_Stream7_IRQHandler                  0x0800024b   Thumb Code     0  startup_stm32f40xx.o(.text)
    DMA2_Stream0_IRQHandler                  0x0800024b   Thumb Code     0  startup_stm32f40xx.o(.text)
    DMA2_Stream1_IRQHandler                  0x0800024b   Thumb Code     0  startup_stm32f40xx.o(.text)
    DMA2_Stream2_IRQHandler                  0x0800024b   Thumb Code     0  startup_stm32f40xx.o(.text)
    DMA2_Stream4_IRQHandler                  0x0800024b   Thumb Code     0  startup_stm32f40xx.o(.text)
    DMA2_Stream5_IRQHandler                  0x0800024b   Thumb Code     0  startup_stm32f40xx.o(.text)
    DMA2_Stream6_IRQHandler                  0x0800024b   Thumb Code     0  startup_stm32f40xx.o(.text)
    DMA2_Stream7_IRQHandler                  0x0800024b   Thumb Code     0  startup_stm32f40xx.o(.text)
    ETH_IRQHandler                           0x0800024b   Thumb Code     0  startup_stm32f40xx.o(.text)
    ETH_WKUP_IRQHandler                      0x0800024b   Thumb Code     0  startup_stm32f40xx.o(.text)
    EXTI0_IRQHandler                         0x0800024b   Thumb Code     0  startup_stm32f40xx.o(.text)
    EXTI15_10_IRQHandler                     0x0800024b   Thumb Code     0  startup_stm32f40xx.o(.text)
    EXTI1_IRQHandler                         0x0800024b   Thumb Code     0  startup_stm32f40xx.o(.text)
    EXTI2_IRQHandler                         0x0800024b   Thumb Code     0  startup_stm32f40xx.o(.text)
    EXTI3_IRQHandler                         0x0800024b   Thumb Code     0  startup_stm32f40xx.o(.text)
    EXTI4_IRQHandler                         0x0800024b   Thumb Code     0  startup_stm32f40xx.o(.text)
    EXTI9_5_IRQHandler                       0x0800024b   Thumb Code     0  startup_stm32f40xx.o(.text)
    FLASH_IRQHandler                         0x0800024b   Thumb Code     0  startup_stm32f40xx.o(.text)
    FPU_IRQHandler                           0x0800024b   Thumb Code     0  startup_stm32f40xx.o(.text)
    FSMC_IRQHandler                          0x0800024b   Thumb Code     0  startup_stm32f40xx.o(.text)
    HASH_RNG_IRQHandler                      0x0800024b   Thumb Code     0  startup_stm32f40xx.o(.text)
    I2C1_ER_IRQHandler                       0x0800024b   Thumb Code     0  startup_stm32f40xx.o(.text)
    I2C1_EV_IRQHandler                       0x0800024b   Thumb Code     0  startup_stm32f40xx.o(.text)
    I2C2_ER_IRQHandler                       0x0800024b   Thumb Code     0  startup_stm32f40xx.o(.text)
    I2C2_EV_IRQHandler                       0x0800024b   Thumb Code     0  startup_stm32f40xx.o(.text)
    I2C3_ER_IRQHandler                       0x0800024b   Thumb Code     0  startup_stm32f40xx.o(.text)
    I2C3_EV_IRQHandler                       0x0800024b   Thumb Code     0  startup_stm32f40xx.o(.text)
    OTG_FS_IRQHandler                        0x0800024b   Thumb Code     0  startup_stm32f40xx.o(.text)
    OTG_FS_WKUP_IRQHandler                   0x0800024b   Thumb Code     0  startup_stm32f40xx.o(.text)
    OTG_HS_EP1_IN_IRQHandler                 0x0800024b   Thumb Code     0  startup_stm32f40xx.o(.text)
    OTG_HS_EP1_OUT_IRQHandler                0x0800024b   Thumb Code     0  startup_stm32f40xx.o(.text)
    OTG_HS_IRQHandler                        0x0800024b   Thumb Code     0  startup_stm32f40xx.o(.text)
    OTG_HS_WKUP_IRQHandler                   0x0800024b   Thumb Code     0  startup_stm32f40xx.o(.text)
    PVD_IRQHandler                           0x0800024b   Thumb Code     0  startup_stm32f40xx.o(.text)
    RCC_IRQHandler                           0x0800024b   Thumb Code     0  startup_stm32f40xx.o(.text)
    RTC_Alarm_IRQHandler                     0x0800024b   Thumb Code     0  startup_stm32f40xx.o(.text)
    RTC_WKUP_IRQHandler                      0x0800024b   Thumb Code     0  startup_stm32f40xx.o(.text)
    SPI1_IRQHandler                          0x0800024b   Thumb Code     0  startup_stm32f40xx.o(.text)
    SPI2_IRQHandler                          0x0800024b   Thumb Code     0  startup_stm32f40xx.o(.text)
    SPI3_IRQHandler                          0x0800024b   Thumb Code     0  startup_stm32f40xx.o(.text)
    TAMP_STAMP_IRQHandler                    0x0800024b   Thumb Code     0  startup_stm32f40xx.o(.text)
    TIM1_BRK_TIM9_IRQHandler                 0x0800024b   Thumb Code     0  startup_stm32f40xx.o(.text)
    TIM1_CC_IRQHandler                       0x0800024b   Thumb Code     0  startup_stm32f40xx.o(.text)
    TIM1_TRG_COM_TIM11_IRQHandler            0x0800024b   Thumb Code     0  startup_stm32f40xx.o(.text)
    TIM1_UP_TIM10_IRQHandler                 0x0800024b   Thumb Code     0  startup_stm32f40xx.o(.text)
    TIM2_IRQHandler                          0x0800024b   Thumb Code     0  startup_stm32f40xx.o(.text)
    TIM3_IRQHandler                          0x0800024b   Thumb Code     0  startup_stm32f40xx.o(.text)
    TIM4_IRQHandler                          0x0800024b   Thumb Code     0  startup_stm32f40xx.o(.text)
    TIM5_IRQHandler                          0x0800024b   Thumb Code     0  startup_stm32f40xx.o(.text)
    TIM6_DAC_IRQHandler                      0x0800024b   Thumb Code     0  startup_stm32f40xx.o(.text)
    TIM7_IRQHandler                          0x0800024b   Thumb Code     0  startup_stm32f40xx.o(.text)
    TIM8_BRK_TIM12_IRQHandler                0x0800024b   Thumb Code     0  startup_stm32f40xx.o(.text)
    TIM8_CC_IRQHandler                       0x0800024b   Thumb Code     0  startup_stm32f40xx.o(.text)
    TIM8_TRG_COM_TIM14_IRQHandler            0x0800024b   Thumb Code     0  startup_stm32f40xx.o(.text)
    TIM8_UP_TIM13_IRQHandler                 0x0800024b   Thumb Code     0  startup_stm32f40xx.o(.text)
    UART4_IRQHandler                         0x0800024b   Thumb Code     0  startup_stm32f40xx.o(.text)
    UART5_IRQHandler                         0x0800024b   Thumb Code     0  startup_stm32f40xx.o(.text)
    USART1_IRQHandler                        0x0800024b   Thumb Code     0  startup_stm32f40xx.o(.text)
    USART2_IRQHandler                        0x0800024b   Thumb Code     0  startup_stm32f40xx.o(.text)
    USART3_IRQHandler                        0x0800024b   Thumb Code     0  startup_stm32f40xx.o(.text)
    USART6_IRQHandler                        0x0800024b   Thumb Code     0  startup_stm32f40xx.o(.text)
    WWDG_IRQHandler                          0x0800024b   Thumb Code     0  startup_stm32f40xx.o(.text)
    __user_initial_stackheap                 0x0800024d   Thumb Code     0  startup_stm32f40xx.o(.text)
    __2sprintf                               0x08000271   Thumb Code    34  noretval__2sprintf.o(.text)
    __printf                                 0x08000299   Thumb Code   104  __printf.o(.text)
    _printf_int_hex                          0x08000301   Thumb Code    84  _printf_hex_int.o(.text)
    _printf_longlong_hex                     0x08000301   Thumb Code     0  _printf_hex_int.o(.text)
    __use_two_region_memory                  0x08000359   Thumb Code     2  heapauxi.o(.text)
    __rt_heap_escrow                         0x0800035b   Thumb Code     2  heapauxi.o(.text)
    __rt_heap_expand                         0x0800035d   Thumb Code     2  heapauxi.o(.text)
    _printf_int_common                       0x0800035f   Thumb Code   178  _printf_intcommon.o(.text)
    _printf_char_common                      0x0800041b   Thumb Code    32  _printf_char_common.o(.text)
    _sputc                                   0x08000441   Thumb Code    10  _sputc.o(.text)
    __user_libspace                          0x0800044d   Thumb Code     8  libspace.o(.text)
    __user_perproc_libspace                  0x0800044d   Thumb Code     0  libspace.o(.text)
    __user_perthread_libspace                0x0800044d   Thumb Code     0  libspace.o(.text)
    __I$use$semihosting                      0x08000455   Thumb Code     0  use_no_semi.o(.text)
    __use_no_semihosting_swi                 0x08000455   Thumb Code     2  use_no_semi.o(.text)
    __semihosting_library_function           0x08000457   Thumb Code     0  indicate_semi.o(.text)
    __user_setup_stackheap                   0x08000457   Thumb Code    74  sys_stackheap_outer.o(.text)
    exit                                     0x080004a1   Thumb Code    18  exit.o(.text)
    _sys_exit                                0x080004b5   Thumb Code     8  sys_exit.o(.text)
    AntennaOn                                0x080004c1   Thumb Code    20  rfid_rc522.o(i.AntennaOn)
    ClearBitMask                             0x080004d5   Thumb Code    26  rfid_rc522.o(i.ClearBitMask)
    DMA2_Stream3_IRQHandler                  0x080004ef   Thumb Code     8  fatfs_sd_sdio.o(i.DMA2_Stream3_IRQHandler)
    DMA_ClearFlag                            0x080004f9   Thumb Code    38  stm32f4xx_dma.o(i.DMA_ClearFlag)
    Delay_ms                                 0x0800052d   Thumb Code    32  tim.o(i.Delay_ms)
    GPIO_Init                                0x08000551   Thumb Code   144  stm32f4xx_gpio.o(i.GPIO_Init)
    GPIO_PinAFConfig                         0x080005e1   Thumb Code    70  stm32f4xx_gpio.o(i.GPIO_PinAFConfig)
    GPIO_ResetBits                           0x08000627   Thumb Code     6  stm32f4xx_gpio.o(i.GPIO_ResetBits)
    GPIO_SetBits                             0x0800062d   Thumb Code     4  stm32f4xx_gpio.o(i.GPIO_SetBits)
    MFRC522_Anticoll                         0x08000631   Thumb Code    74  rfid_rc522.o(i.MFRC522_Anticoll)
    MFRC522_Init                             0x0800067b   Thumb Code    60  rfid_rc522.o(i.MFRC522_Init)
    MFRC522_Request                          0x080006b7   Thumb Code    48  rfid_rc522.o(i.MFRC522_Request)
    MFRC522_Reset                            0x080006e7   Thumb Code    12  rfid_rc522.o(i.MFRC522_Reset)
    MFRC522_ToCard                           0x080006f3   Thumb Code   290  rfid_rc522.o(i.MFRC522_ToCard)
    RC522_SPI_Transfer                       0x08000815   Thumb Code    50  rfid_rc522.o(i.RC522_SPI_Transfer)
    RCC_AHB1PeriphClockCmd                   0x0800084d   Thumb Code    26  stm32f4xx_rcc.o(i.RCC_AHB1PeriphClockCmd)
    RCC_APB1PeriphClockCmd                   0x0800086d   Thumb Code    26  stm32f4xx_rcc.o(i.RCC_APB1PeriphClockCmd)
    RCC_APB2PeriphClockCmd                   0x0800088d   Thumb Code    26  stm32f4xx_rcc.o(i.RCC_APB2PeriphClockCmd)
    RCC_GetClocksFreq                        0x080008ad   Thumb Code   214  stm32f4xx_rcc.o(i.RCC_GetClocksFreq)
    Read_MFRC522                             0x08000995   Thumb Code    46  rfid_rc522.o(i.Read_MFRC522)
    SDIO_ClearITPendingBit                   0x080009c9   Thumb Code     6  stm32f4xx_sdio.o(i.SDIO_ClearITPendingBit)
    SDIO_GetITStatus                         0x080009d5   Thumb Code    20  stm32f4xx_sdio.o(i.SDIO_GetITStatus)
    SDIO_IRQHandler                          0x080009ed   Thumb Code     8  fatfs_sd_sdio.o(i.SDIO_IRQHandler)
    SD_ProcessDMAIRQ                         0x080009f5   Thumb Code    32  fatfs_sd_sdio.o(i.SD_ProcessDMAIRQ)
    SD_ProcessIRQSrc                         0x08000a1d   Thumb Code   166  fatfs_sd_sdio.o(i.SD_ProcessIRQSrc)
    SPIRC552_Config                          0x08000ad1   Thumb Code   212  spi.o(i.SPIRC552_Config)
    SPI_Cmd                                  0x08000bb5   Thumb Code    24  stm32f4xx_spi.o(i.SPI_Cmd)
    SPI_I2S_GetFlagStatus                    0x08000bcd   Thumb Code    18  stm32f4xx_spi.o(i.SPI_I2S_GetFlagStatus)
    SPI_I2S_ReceiveData                      0x08000bdf   Thumb Code     6  stm32f4xx_spi.o(i.SPI_I2S_ReceiveData)
    SPI_I2S_SendData                         0x08000be5   Thumb Code     4  stm32f4xx_spi.o(i.SPI_I2S_SendData)
    SPI_Init                                 0x08000be9   Thumb Code    60  stm32f4xx_spi.o(i.SPI_Init)
    SPI_StructInit                           0x08000c25   Thumb Code    24  stm32f4xx_spi.o(i.SPI_StructInit)
    SetBitMask                               0x08000c3d   Thumb Code    26  rfid_rc522.o(i.SetBitMask)
    SysTick_Handler                          0x08000d45   Thumb Code   162  tm_stm32f4_delay.o(i.SysTick_Handler)
    SystemInit                               0x08000df5   Thumb Code    88  system_stm32f4xx.o(i.SystemInit)
    TIMDelay_Config                          0x08000e5d   Thumb Code    52  tim.o(i.TIMDelay_Config)
    TIM_Cmd                                  0x08000e95   Thumb Code    24  stm32f4xx_tim.o(i.TIM_Cmd)
    TIM_GetCounter                           0x08000ead   Thumb Code     6  stm32f4xx_tim.o(i.TIM_GetCounter)
    TIM_SetCounter                           0x08000eb3   Thumb Code     4  stm32f4xx_tim.o(i.TIM_SetCounter)
    TIM_TimeBaseInit                         0x08000eb9   Thumb Code   104  stm32f4xx_tim.o(i.TIM_TimeBaseInit)
    UART1_Config                             0x08000f3d   Thumb Code   120  usart.o(i.UART1_Config)
    USART_Cmd                                0x08000fbd   Thumb Code    24  stm32f4xx_usart.o(i.USART_Cmd)
    USART_GetFlagStatus                      0x08000fd5   Thumb Code    26  stm32f4xx_usart.o(i.USART_GetFlagStatus)
    USART_Init                               0x08000ff1   Thumb Code   204  stm32f4xx_usart.o(i.USART_Init)
    USART_SendChar                           0x080010c5   Thumb Code    34  usart.o(i.USART_SendChar)
    USART_SendData                           0x080010ed   Thumb Code     8  stm32f4xx_usart.o(i.USART_SendData)
    USART_SendString                         0x080010f5   Thumb Code    22  usart.o(i.USART_SendString)
    Write_MFRC522                            0x0800110d   Thumb Code    40  rfid_rc522.o(i.Write_MFRC522)
    main                                     0x08001139   Thumb Code   292  main.o(i.main)
    _fp_init                                 0x08001301   Thumb Code    10  fpinit.o(x$fpl$fpinit)
    __fplib_config_fpu_vfp                   0x08001309   Thumb Code     0  fpinit.o(x$fpl$fpinit)
    __fplib_config_pureend_doubles           0x08001309   Thumb Code     0  fpinit.o(x$fpl$fpinit)
    Region$$Table$$Base                      0x08001334   Number         0  anon$$obj.o(Region$$Table)
    Region$$Table$$Limit                     0x08001354   Number         0  anon$$obj.o(Region$$Table)
    i                                        0x20000000   Data           1  main.o(.data)
    tmp                                      0x20000001   Data           1  main.o(.data)
    status                                   0x20000002   Data           1  main.o(.data)
    serNum                                   0x20000003   Data           5  main.o(.data)
    cnt                                      0x20000008   Data           4  main.o(.data)
    key                                      0x2000000c   Data           1  main.o(.data)
    check                                    0x2000000d   Data           1  main.o(.data)
    check2                                   0x2000000e   Data           1  main.o(.data)
    Key_Card                                 0x2000000f   Data           5  main.o(.data)
    Key_Card2                                0x20000014   Data           5  main.o(.data)
    bw                                       0x2000001c   Data           4  main.o(.data)
    fr                                       0x20000020   Data           1  main.o(.data)
    StopCondition                            0x2000003c   Data           4  fatfs_sd_sdio.o(.data)
    TransferError                            0x20000040   Data           1  fatfs_sd_sdio.o(.data)
    TransferEnd                              0x20000044   Data           4  fatfs_sd_sdio.o(.data)
    DMAEndOfTransfer                         0x20000048   Data           4  fatfs_sd_sdio.o(.data)
    TM_TimingDelay                           0x20000050   Data           4  tm_stm32f4_delay.o(.data)
    TM_Time                                  0x20000054   Data           4  tm_stm32f4_delay.o(.data)
    TM_Time2                                 0x20000058   Data           4  tm_stm32f4_delay.o(.data)
    mult                                     0x2000005c   Data           4  tm_stm32f4_delay.o(.data)
    TM_DELAY_Initialized                     0x20000060   Data           1  tm_stm32f4_delay.o(.data)
    str                                      0x20000064   Data          16  main.o(.bss)
    myString                                 0x20000074   Data         100  main.o(.bss)
    FatFs                                    0x200000d8   Data         564  main.o(.bss)
    fil                                      0x2000030c   Data         552  main.o(.bss)
    __libspace_start                         0x2000054c   Data          96  libspace.o(.bss)
    __temporary_stack_top$libspace           0x200005ac   Data           0  libspace.o(.bss)



==============================================================================

Memory Map of the image

  Image Entry point : 0x08000189

  Load Region LR_IROM1 (Base: 0x08000000, Size: 0x000013b8, Max: 0x00080000, ABSOLUTE)

    Execution Region ER_IROM1 (Base: 0x08000000, Size: 0x00001354, Max: 0x00080000, ABSOLUTE)

    Base Addr    Size         Type   Attr      Idx    E Section Name        Object

    0x08000000   0x00000188   Data   RO         2198    RESET               startup_stm32f40xx.o
    0x08000188   0x00000008   Code   RO         3621  * !!!main             c_w.l(__main.o)
    0x08000190   0x00000034   Code   RO         3862    !!!scatter          c_w.l(__scatter.o)
    0x080001c4   0x0000001a   Code   RO         3864    !!handler_copy      c_w.l(__scatter_copy.o)
    0x080001de   0x00000002   PAD
    0x080001e0   0x0000001c   Code   RO         3866    !!handler_zi        c_w.l(__scatter_zi.o)
    0x080001fc   0x00000000   Code   RO         3610    .ARM.Collect$$_printf_percent$$00000000  c_w.l(_printf_percent.o)
    0x080001fc   0x00000006   Code   RO         3609    .ARM.Collect$$_printf_percent$$0000000C  c_w.l(_printf_x.o)
    0x08000202   0x00000004   Code   RO         3675    .ARM.Collect$$_printf_percent$$00000017  c_w.l(_printf_percent_end.o)
    0x08000206   0x00000002   Code   RO         3801    .ARM.Collect$$libinit$$00000000  c_w.l(libinit.o)
    0x08000208   0x00000004   Code   RO         3680    .ARM.Collect$$libinit$$00000001  c_w.l(libinit2.o)
    0x0800020c   0x00000000   Code   RO         3683    .ARM.Collect$$libinit$$00000004  c_w.l(libinit2.o)
    0x0800020c   0x00000000   Code   RO         3686    .ARM.Collect$$libinit$$0000000A  c_w.l(libinit2.o)
    0x0800020c   0x00000000   Code   RO         3688    .ARM.Collect$$libinit$$0000000C  c_w.l(libinit2.o)
    0x0800020c   0x00000000   Code   RO         3690    .ARM.Collect$$libinit$$0000000E  c_w.l(libinit2.o)
    0x0800020c   0x00000000   Code   RO         3693    .ARM.Collect$$libinit$$00000011  c_w.l(libinit2.o)
    0x0800020c   0x00000000   Code   RO         3695    .ARM.Collect$$libinit$$00000013  c_w.l(libinit2.o)
    0x0800020c   0x00000000   Code   RO         3697    .ARM.Collect$$libinit$$00000015  c_w.l(libinit2.o)
    0x0800020c   0x00000000   Code   RO         3699    .ARM.Collect$$libinit$$00000017  c_w.l(libinit2.o)
    0x0800020c   0x00000000   Code   RO         3701    .ARM.Collect$$libinit$$00000019  c_w.l(libinit2.o)
    0x0800020c   0x00000000   Code   RO         3703    .ARM.Collect$$libinit$$0000001B  c_w.l(libinit2.o)
    0x0800020c   0x00000000   Code   RO         3705    .ARM.Collect$$libinit$$0000001D  c_w.l(libinit2.o)
    0x0800020c   0x00000000   Code   RO         3707    .ARM.Collect$$libinit$$0000001F  c_w.l(libinit2.o)
    0x0800020c   0x00000000   Code   RO         3709    .ARM.Collect$$libinit$$00000021  c_w.l(libinit2.o)
    0x0800020c   0x00000000   Code   RO         3711    .ARM.Collect$$libinit$$00000023  c_w.l(libinit2.o)
    0x0800020c   0x00000000   Code   RO         3713    .ARM.Collect$$libinit$$00000025  c_w.l(libinit2.o)
    0x0800020c   0x00000000   Code   RO         3717    .ARM.Collect$$libinit$$0000002C  c_w.l(libinit2.o)
    0x0800020c   0x00000000   Code   RO         3719    .ARM.Collect$$libinit$$0000002E  c_w.l(libinit2.o)
    0x0800020c   0x00000000   Code   RO         3721    .ARM.Collect$$libinit$$00000030  c_w.l(libinit2.o)
    0x0800020c   0x00000000   Code   RO         3723    .ARM.Collect$$libinit$$00000032  c_w.l(libinit2.o)
    0x0800020c   0x00000002   Code   RO         3724    .ARM.Collect$$libinit$$00000033  c_w.l(libinit2.o)
    0x0800020e   0x00000002   Code   RO         3859    .ARM.Collect$$libshutdown$$00000000  c_w.l(libshutdown.o)
    0x08000210   0x00000000   Code   RO         3817    .ARM.Collect$$libshutdown$$00000002  c_w.l(libshutdown2.o)
    0x08000210   0x00000000   Code   RO         3819    .ARM.Collect$$libshutdown$$00000004  c_w.l(libshutdown2.o)
    0x08000210   0x00000000   Code   RO         3822    .ARM.Collect$$libshutdown$$00000007  c_w.l(libshutdown2.o)
    0x08000210   0x00000000   Code   RO         3825    .ARM.Collect$$libshutdown$$0000000A  c_w.l(libshutdown2.o)
    0x08000210   0x00000000   Code   RO         3827    .ARM.Collect$$libshutdown$$0000000C  c_w.l(libshutdown2.o)
    0x08000210   0x00000000   Code   RO         3830    .ARM.Collect$$libshutdown$$0000000F  c_w.l(libshutdown2.o)
    0x08000210   0x00000002   Code   RO         3831    .ARM.Collect$$libshutdown$$00000010  c_w.l(libshutdown2.o)
    0x08000212   0x00000000   Code   RO         3637    .ARM.Collect$$rtentry$$00000000  c_w.l(__rtentry.o)
    0x08000212   0x00000000   Code   RO         3736    .ARM.Collect$$rtentry$$00000002  c_w.l(__rtentry2.o)
    0x08000212   0x00000006   Code   RO         3748    .ARM.Collect$$rtentry$$00000004  c_w.l(__rtentry4.o)
    0x08000218   0x00000000   Code   RO         3738    .ARM.Collect$$rtentry$$00000009  c_w.l(__rtentry2.o)
    0x08000218   0x00000004   Code   RO         3739    .ARM.Collect$$rtentry$$0000000A  c_w.l(__rtentry2.o)
    0x0800021c   0x00000000   Code   RO         3741    .ARM.Collect$$rtentry$$0000000C  c_w.l(__rtentry2.o)
    0x0800021c   0x00000008   Code   RO         3742    .ARM.Collect$$rtentry$$0000000D  c_w.l(__rtentry2.o)
    0x08000224   0x00000002   Code   RO         3804    .ARM.Collect$$rtexit$$00000000  c_w.l(rtexit.o)
    0x08000226   0x00000000   Code   RO         3835    .ARM.Collect$$rtexit$$00000002  c_w.l(rtexit2.o)
    0x08000226   0x00000004   Code   RO         3836    .ARM.Collect$$rtexit$$00000003  c_w.l(rtexit2.o)
    0x0800022a   0x00000006   Code   RO         3837    .ARM.Collect$$rtexit$$00000004  c_w.l(rtexit2.o)
    0x08000230   0x00000040   Code   RO         2199    .text               startup_stm32f40xx.o
    0x08000270   0x00000028   Code   RO         3561    .text               c_w.l(noretval__2sprintf.o)
    0x08000298   0x00000068   Code   RO         3563    .text               c_w.l(__printf.o)
    0x08000300   0x00000058   Code   RO         3570    .text               c_w.l(_printf_hex_int.o)
    0x08000358   0x00000006   Code   RO         3619    .text               c_w.l(heapauxi.o)
    0x0800035e   0x000000b2   Code   RO         3667    .text               c_w.l(_printf_intcommon.o)
    0x08000410   0x00000030   Code   RO         3669    .text               c_w.l(_printf_char_common.o)
    0x08000440   0x0000000a   Code   RO         3671    .text               c_w.l(_sputc.o)
    0x0800044a   0x00000002   PAD
    0x0800044c   0x00000008   Code   RO         3732    .text               c_w.l(libspace.o)
    0x08000454   0x00000002   Code   RO         3773    .text               c_w.l(use_no_semi.o)
    0x08000456   0x00000000   Code   RO         3775    .text               c_w.l(indicate_semi.o)
    0x08000456   0x0000004a   Code   RO         3776    .text               c_w.l(sys_stackheap_outer.o)
    0x080004a0   0x00000012   Code   RO         3782    .text               c_w.l(exit.o)
    0x080004b2   0x00000002   PAD
    0x080004b4   0x0000000c   Code   RO         3802    .text               c_w.l(sys_exit.o)
    0x080004c0   0x00000014   Code   RO          234    i.AntennaOn         rfid_rc522.o
    0x080004d4   0x0000001a   Code   RO          236    i.ClearBitMask      rfid_rc522.o
    0x080004ee   0x00000008   Code   RO         2852    i.DMA2_Stream3_IRQHandler  fatfs_sd_sdio.o
    0x080004f6   0x00000002   PAD
    0x080004f8   0x00000034   Code   RO         1767    i.DMA_ClearFlag     stm32f4xx_dma.o
    0x0800052c   0x00000024   Code   RO          425    i.Delay_ms          tim.o
    0x08000550   0x00000090   Code   RO         2098    i.GPIO_Init         stm32f4xx_gpio.o
    0x080005e0   0x00000046   Code   RO         2099    i.GPIO_PinAFConfig  stm32f4xx_gpio.o
    0x08000626   0x00000006   Code   RO         2105    i.GPIO_ResetBits    stm32f4xx_gpio.o
    0x0800062c   0x00000004   Code   RO         2106    i.GPIO_SetBits      stm32f4xx_gpio.o
    0x08000630   0x0000004a   Code   RO          237    i.MFRC522_Anticoll  rfid_rc522.o
    0x0800067a   0x0000003c   Code   RO          240    i.MFRC522_Init      rfid_rc522.o
    0x080006b6   0x00000030   Code   RO          242    i.MFRC522_Request   rfid_rc522.o
    0x080006e6   0x0000000c   Code   RO          243    i.MFRC522_Reset     rfid_rc522.o
    0x080006f2   0x00000122   Code   RO          245    i.MFRC522_ToCard    rfid_rc522.o
    0x08000814   0x00000038   Code   RO          247    i.RC522_SPI_Transfer  rfid_rc522.o
    0x0800084c   0x00000020   Code   RO          455    i.RCC_AHB1PeriphClockCmd  stm32f4xx_rcc.o
    0x0800086c   0x00000020   Code   RO          464    i.RCC_APB1PeriphClockCmd  stm32f4xx_rcc.o
    0x0800088c   0x00000020   Code   RO          467    i.RCC_APB2PeriphClockCmd  stm32f4xx_rcc.o
    0x080008ac   0x000000e8   Code   RO          476    i.RCC_GetClocksFreq  stm32f4xx_rcc.o
    0x08000994   0x00000034   Code   RO          248    i.Read_MFRC522      rfid_rc522.o
    0x080009c8   0x0000000c   Code   RO         1901    i.SDIO_ClearITPendingBit  stm32f4xx_sdio.o
    0x080009d4   0x00000018   Code   RO         1913    i.SDIO_GetITStatus  stm32f4xx_sdio.o
    0x080009ec   0x00000008   Code   RO         2856    i.SDIO_IRQHandler   fatfs_sd_sdio.o
    0x080009f4   0x00000028   Code   RO         2875    i.SD_ProcessDMAIRQ  fatfs_sd_sdio.o
    0x08000a1c   0x000000b4   Code   RO         2876    i.SD_ProcessIRQSrc  fatfs_sd_sdio.o
    0x08000ad0   0x000000e4   Code   RO          359    i.SPIRC552_Config   spi.o
    0x08000bb4   0x00000018   Code   RO          799    i.SPI_Cmd           stm32f4xx_spi.o
    0x08000bcc   0x00000012   Code   RO          807    i.SPI_I2S_GetFlagStatus  stm32f4xx_spi.o
    0x08000bde   0x00000006   Code   RO          810    i.SPI_I2S_ReceiveData  stm32f4xx_spi.o
    0x08000be4   0x00000004   Code   RO          811    i.SPI_I2S_SendData  stm32f4xx_spi.o
    0x08000be8   0x0000003c   Code   RO          812    i.SPI_Init          stm32f4xx_spi.o
    0x08000c24   0x00000018   Code   RO          815    i.SPI_StructInit    stm32f4xx_spi.o
    0x08000c3c   0x0000001a   Code   RO          249    i.SetBitMask        rfid_rc522.o
    0x08000c56   0x00000002   PAD
    0x08000c58   0x000000ec   Code   RO          192    i.SetSysClock       system_stm32f4xx.o
    0x08000d44   0x000000b0   Code   RO         3395    i.SysTick_Handler   tm_stm32f4_delay.o
    0x08000df4   0x00000068   Code   RO          194    i.SystemInit        system_stm32f4xx.o
    0x08000e5c   0x00000038   Code   RO          426    i.TIMDelay_Config   tim.o
    0x08000e94   0x00000018   Code   RO          977    i.TIM_Cmd           stm32f4xx_tim.o
    0x08000eac   0x00000006   Code   RO          996    i.TIM_GetCounter    stm32f4xx_tim.o
    0x08000eb2   0x00000004   Code   RO         1043    i.TIM_SetCounter    stm32f4xx_tim.o
    0x08000eb6   0x00000002   PAD
    0x08000eb8   0x00000084   Code   RO         1049    i.TIM_TimeBaseInit  stm32f4xx_tim.o
    0x08000f3c   0x00000080   Code   RO          389    i.UART1_Config      usart.o
    0x08000fbc   0x00000018   Code   RO         1531    i.USART_Cmd         stm32f4xx_usart.o
    0x08000fd4   0x0000001a   Code   RO         1534    i.USART_GetFlagStatus  stm32f4xx_usart.o
    0x08000fee   0x00000002   PAD
    0x08000ff0   0x000000d4   Code   RO         1538    i.USART_Init        stm32f4xx_usart.o
    0x080010c4   0x00000028   Code   RO          390    i.USART_SendChar    usart.o
    0x080010ec   0x00000008   Code   RO         1548    i.USART_SendData    stm32f4xx_usart.o
    0x080010f4   0x00000016   Code   RO          391    i.USART_SendString  usart.o
    0x0800110a   0x00000002   PAD
    0x0800110c   0x0000002c   Code   RO          250    i.Write_MFRC522     rfid_rc522.o
    0x08001138   0x000001c8   Code   RO            4    i.main              main.o
    0x08001300   0x0000000a   Code   RO         3771    x$fpl$fpinit        fz_wm.l(fpinit.o)
    0x0800130a   0x00000028   Data   RO         3571    .constdata          c_w.l(_printf_hex_int.o)
    0x08001332   0x00000002   PAD
    0x08001334   0x00000020   Data   RO         3860    Region$$Table       anon$$obj.o


    Execution Region RW_IRAM1 (Base: 0x20000000, Size: 0x00000bb0, Max: 0x00020000, ABSOLUTE)

    Base Addr    Size         Type   Attr      Idx    E Section Name        Object

    0x20000000   0x00000021   Data   RW            6    .data               main.o
    0x20000021   0x00000010   Data   RW          508    .data               stm32f4xx_rcc.o
    0x20000031   0x00000003   PAD
    0x20000034   0x00000019   Data   RW         2897    .data               fatfs_sd_sdio.o
    0x2000004d   0x00000003   PAD
    0x20000050   0x00000011   Data   RW         3407    .data               tm_stm32f4_delay.o
    0x20000061   0x00000003   PAD
    0x20000064   0x000004d0   Zero   RW            5    .bss                main.o
    0x20000534   0x00000018   Zero   RW         3406    .bss                tm_stm32f4_delay.o
    0x2000054c   0x00000060   Zero   RW         3733    .bss                c_w.l(libspace.o)
    0x200005ac   0x00000004   PAD
    0x200005b0   0x00000200   Zero   RW         2197    HEAP                startup_stm32f40xx.o
    0x200007b0   0x00000400   Zero   RW         2196    STACK               startup_stm32f40xx.o


==============================================================================

Image component sizes


      Code (inc. data)   RO Data    RW Data    ZI Data      Debug   Object Name

       236         22          0         25          0      12556   fatfs_sd_sdio.o
       456        164          0         33       1232     326902   main.o
       708         16          0          0          0       6797   rfid_rc522.o
       228         16          0          0          0        634   spi.o
        64         26        392          0       1536        980   startup_stm32f40xx.o
        52         14          0          0          0       2064   stm32f4xx_dma.o
       224          0          0          0          0       3443   stm32f4xx_gpio.o
       328         36          0         16          0       5255   stm32f4xx_rcc.o
        36         10          0          0          0       1332   stm32f4xx_sdio.o
       136          0          0          0          0       4791   stm32f4xx_spi.o
       166         28          0          0          0       3467   stm32f4xx_tim.o
       270          8          0          0          0       3824   stm32f4xx_usart.o
       340         32          0          0          0       1501   system_stm32f4xx.o
        92          8          0          0          0        969   tim.o
       176         14          0         17         24       2298   tm_stm32f4_delay.o
       190         14          0          0          0       1607   usart.o

    ----------------------------------------------------------------------
      3712        408        424        100       2792     378420   Object Totals
         0          0         32          0          0          0   (incl. Generated)
        10          0          0          9          0          0   (incl. Padding)

    ----------------------------------------------------------------------

      Code (inc. data)   RO Data    RW Data    ZI Data      Debug   Library Member Name

         8          0          0          0          0         68   __main.o
       104          0          0          0          0         84   __printf.o
         0          0          0          0          0          0   __rtentry.o
        12          0          0          0          0          0   __rtentry2.o
         6          0          0          0          0          0   __rtentry4.o
        52          8          0          0          0          0   __scatter.o
        26          0          0          0          0          0   __scatter_copy.o
        28          0          0          0          0          0   __scatter_zi.o
        48          6          0          0          0         96   _printf_char_common.o
        88          4         40          0          0         88   _printf_hex_int.o
       178          0          0          0          0         88   _printf_intcommon.o
         0          0          0          0          0          0   _printf_percent.o
         4          0          0          0          0          0   _printf_percent_end.o
         6          0          0          0          0          0   _printf_x.o
        10          0          0          0          0         68   _sputc.o
        18          0          0          0          0         80   exit.o
         6          0          0          0          0        152   heapauxi.o
         0          0          0          0          0          0   indicate_semi.o
         2          0          0          0          0          0   libinit.o
         6          0          0          0          0          0   libinit2.o
         2          0          0          0          0          0   libshutdown.o
         2          0          0          0          0          0   libshutdown2.o
         8          4          0          0         96         68   libspace.o
        40          6          0          0          0         84   noretval__2sprintf.o
         2          0          0          0          0          0   rtexit.o
        10          0          0          0          0          0   rtexit2.o
        12          4          0          0          0         68   sys_exit.o
        74          0          0          0          0         80   sys_stackheap_outer.o
         2          0          0          0          0         68   use_no_semi.o
        10          0          0          0          0        116   fpinit.o

    ----------------------------------------------------------------------
       770         32         42          0        100       1208   Library Totals
         6          0          2          0          4          0   (incl. Padding)

    ----------------------------------------------------------------------

      Code (inc. data)   RO Data    RW Data    ZI Data      Debug   Library Name

       754         32         40          0         96       1092   c_w.l
        10          0          0          0          0        116   fz_wm.l

    ----------------------------------------------------------------------
       770         32         42          0        100       1208   Library Totals

    ----------------------------------------------------------------------

==============================================================================


      Code (inc. data)   RO Data    RW Data    ZI Data      Debug   

      4482        440        466        100       2892     374560   Grand Totals
      4482        440        466        100       2892     374560   ELF Image Totals
      4482        440        466        100          0          0   ROM Totals

==============================================================================

    Total RO  Size (Code + RO Data)                 4948 (   4.83kB)
    Total RW  Size (RW Data + ZI Data)              2992 (   2.92kB)
    Total ROM Size (Code + RO Data + RW Data)       5048 (   4.93kB)

==============================================================================

